../NES/Src/CPU.c:338:9:IMP	0	static
../NES/Src/CPU.c:343:9:IMM	4	static
../NES/Src/CPU.c:591:9:BVS	0	static
../NES/Src/CPU.c:704:9:JMP	0	static
../NES/Src/CPU.c:872:9:SEC	0	static
../NES/Src/CPU.c:877:9:SED	0	static
../NES/Src/CPU.c:882:9:SEI	0	static
../NES/Src/CPU.c:934:9:TXS	0	static
../NES/Src/CPU.c:349:9:ZP0	8	static
../NES/Src/CPU.c:356:9:ZPX	8	static
../NES/Src/CPU.c:363:9:ZPY	8	static
../NES/Src/CPU.c:370:9:REL	8	static
../NES/Src/CPU.c:376:9:ABS	16	static
../NES/Src/CPU.c:388:9:ABX	16	static
../NES/Src/CPU.c:398:9:ABY	16	static
../NES/Src/CPU.c:408:9:IND	16	static
../NES/Src/CPU.c:424:9:IZX	16	static
../NES/Src/CPU.c:435:9:IZY	16	static
../NES/Src/CPU.c:845:9:RTS	16	static
../NES/Src/CPU.c:795:9:PLP	8	static
../NES/Src/CPU.c:831:9:RTI	16	static
../NES/Src/CPU.c:709:9:JSR	16	static
../NES/Src/CPU.c:771:9:PHA	8	static
../NES/Src/CPU.c:887:9:STA	8	static
../NES/Src/CPU.c:892:9:STX	8	static
../NES/Src/CPU.c:897:9:STY	8	static
../NES/Src/CPU.c:962:9:XXX	0	static
../NES/Src/CPU.c:758:9:NOP	0	static
../NES/Src/CPU.c:605:9:CLD	0	static
../NES/Src/CPU.c:610:9:CLI	0	static
../NES/Src/CPU.c:615:9:CLV	0	static
../NES/Src/CPU.c:777:9:PHP	16	static
../NES/Src/CPU.c:563:9:BRK	16	static
../NES/Src/CPU.c:600:9:CLC	0	static
../NES/Src/CPU.c:582:9:BVC	4	static
../NES/Src/CPU.c:787:9:PLA	8	static
../NES/Src/CPU.c:918:9:TSX	0	static
../NES/Src/CPU.c:942:9:TYA	0	static
../NES/Src/CPU.c:926:9:TXA	0	static
../NES/Src/CPU.c:902:9:TAX	0	static
../NES/Src/CPU.c:910:9:TAY	0	static
../NES/Src/CPU.c:657:9:DEX	0	static
../NES/Src/CPU.c:665:9:DEY	0	static
../NES/Src/CPU.c:697:9:INY	0	static
../NES/Src/CPU.c:689:9:INX	0	static
../NES/Src/CPU.c:855:9:SBC	16	static
../NES/Src/CPU.c:721:9:LDA	8	static
../NES/Src/CPU.c:729:9:LDX	8	static
../NES/Src/CPU.c:737:9:LDY	8	static
../NES/Src/CPU.c:762:9:ORA	8	static
../NES/Src/CPU.c:462:9:AND	8	static
../NES/Src/CPU.c:672:9:EOR	8	static
../NES/Src/CPU.c:648:9:DEC	8	static
../NES/Src/CPU.c:680:9:INC	8	static
../NES/Src/CPU.c:515:9:BIT	8	static
../NES/Src/CPU.c:629:9:CPX	8	static
../NES/Src/CPU.c:638:9:CPY	8	static
../NES/Src/CPU.c:620:9:CMP	8	static
../NES/Src/CPU.c:745:9:LSR	16	static
../NES/Src/CPU.c:472:9:ASL	16	static
../NES/Src/CPU.c:817:9:ROR	16	static
../NES/Src/CPU.c:802:9:ROL	24	static
../NES/Src/CPU.c:448:9:ADC	16	static
../NES/Src/CPU.c:551:9:BPL	8	static
../NES/Src/CPU.c:950:9:BCC	8	static
../NES/Src/CPU.c:488:9:BCS	8	static
../NES/Src/CPU.c:502:9:BEQ	8	static
../NES/Src/CPU.c:538:9:BNE	8	static
../NES/Src/CPU.c:526:9:BMI	8	static
../NES/Src/CPU.c:966:6:STP	0	static
../NES/Src/CPU.c:970:9:getFlag	0	static
../NES/Src/CPU.c:974:6:setFlag	0	static
../NES/Src/CPU.c:978:6:CPU_reset	16	static
../NES/Src/CPU.c:1000:6:fetch	8	static
../NES/Src/CPU.c:1008:6:CPU_IRQ	16	static
../NES/Src/CPU.c:1027:6:CPU_NMI	16	static
../NES/Src/CPU.c:1045:6:CPU_clock	24	static
