../NES/Src/CPU.c:339:9:IMP	0	static
../NES/Src/CPU.c:344:9:IMM	4	static
../NES/Src/CPU.c:705:9:JMP	0	static
../NES/Src/CPU.c:759:9:NOP	0	static
../NES/Src/CPU.c:873:9:SEC	0	static
../NES/Src/CPU.c:878:9:SED	0	static
../NES/Src/CPU.c:883:9:SEI	0	static
../NES/Src/CPU.c:935:9:TXS	0	static
../NES/Src/CPU.c:350:9:ZP0	8	static
../NES/Src/CPU.c:357:9:ZPX	8	static
../NES/Src/CPU.c:364:9:ZPY	8	static
../NES/Src/CPU.c:371:9:REL	8	static
../NES/Src/CPU.c:377:9:ABS	16	static
../NES/Src/CPU.c:389:9:ABX	16	static
../NES/Src/CPU.c:399:9:ABY	16	static
../NES/Src/CPU.c:409:9:IND	16	static
../NES/Src/CPU.c:425:9:IZX	16	static
../NES/Src/CPU.c:436:9:IZY	16	static
../NES/Src/CPU.c:846:9:RTS	16	static
../NES/Src/CPU.c:796:9:PLP	8	static
../NES/Src/CPU.c:832:9:RTI	16	static
../NES/Src/CPU.c:710:9:JSR	16	static
../NES/Src/CPU.c:772:9:PHA	8	static
../NES/Src/CPU.c:888:9:STA	8	static
../NES/Src/CPU.c:893:9:STX	8	static
../NES/Src/CPU.c:898:9:STY	8	static
../NES/Src/CPU.c:527:9:BMI	8	static
../NES/Src/CPU.c:592:9:BVS	4	static
../NES/Src/CPU.c:963:9:XXX	0	static
../NES/Src/CPU.c:606:9:CLD	0	static
../NES/Src/CPU.c:611:9:CLI	0	static
../NES/Src/CPU.c:616:9:CLV	0	static
../NES/Src/CPU.c:778:9:PHP	16	static
../NES/Src/CPU.c:564:9:BRK	16	static
../NES/Src/CPU.c:601:9:CLC	0	static
../NES/Src/CPU.c:583:9:BVC	4	static
../NES/Src/CPU.c:788:9:PLA	8	static
../NES/Src/CPU.c:911:9:TAY	0	static
../NES/Src/CPU.c:943:9:TYA	0	static
../NES/Src/CPU.c:927:9:TXA	0	static
../NES/Src/CPU.c:903:9:TAX	0	static
../NES/Src/CPU.c:919:9:TSX	0	static
../NES/Src/CPU.c:658:9:DEX	0	static
../NES/Src/CPU.c:698:9:INY	0	static
../NES/Src/CPU.c:666:9:DEY	0	static
../NES/Src/CPU.c:690:9:INX	0	static
../NES/Src/CPU.c:449:9:ADC	16	static
../NES/Src/CPU.c:730:9:LDX	8	static
../NES/Src/CPU.c:738:9:LDY	8	static
../NES/Src/CPU.c:722:9:LDA	8	static
../NES/Src/CPU.c:463:9:AND	8	static
../NES/Src/CPU.c:673:9:EOR	8	static
../NES/Src/CPU.c:763:9:ORA	8	static
../NES/Src/CPU.c:681:9:INC	8	static
../NES/Src/CPU.c:649:9:DEC	8	static
../NES/Src/CPU.c:516:9:BIT	8	static
../NES/Src/CPU.c:639:9:CPY	8	static
../NES/Src/CPU.c:621:9:CMP	8	static
../NES/Src/CPU.c:630:9:CPX	8	static
../NES/Src/CPU.c:746:9:LSR	16	static
../NES/Src/CPU.c:552:9:BPL	8	static
../NES/Src/CPU.c:818:9:ROR	16	static
../NES/Src/CPU.c:473:9:ASL	16	static
../NES/Src/CPU.c:803:9:ROL	24	static
../NES/Src/CPU.c:489:9:BCS	8	static
../NES/Src/CPU.c:951:9:BCC	8	static
../NES/Src/CPU.c:539:9:BNE	8	static
../NES/Src/CPU.c:503:9:BEQ	8	static
../NES/Src/CPU.c:856:9:SBC	16	static
../NES/Src/CPU.c:967:9:getFlag	0	static
../NES/Src/CPU.c:971:6:setFlag	0	static
../NES/Src/CPU.c:975:6:CPU_reset	16	static
../NES/Src/CPU.c:997:6:fetch	8	static
../NES/Src/CPU.c:1005:6:CPU_IRQ	16	static
../NES/Src/CPU.c:1024:6:CPU_NMI	16	static
../NES/Src/CPU.c:1042:6:CPU_clock	24	static
