Archive member included to satisfy reference by file (symbol)

e:/stm32/stm32cubeide_1.7.0/stm32cubeide/plugins/com.st.stm32cube.ide.mcu.externaltools.gnu-tools-for-stm32.10.3-2021.10.win32_1.0.0.202111181127/tools/bin/../lib/gcc/arm-none-eabi/10.3.1/../../../../arm-none-eabi/lib/thumb/v7e-m+dp/hard\libc_nano.a(lib_a-calloc.o)
                              ./NES/Src/Catridge.o (calloc)
e:/stm32/stm32cubeide_1.7.0/stm32cubeide/plugins/com.st.stm32cube.ide.mcu.externaltools.gnu-tools-for-stm32.10.3-2021.10.win32_1.0.0.202111181127/tools/bin/../lib/gcc/arm-none-eabi/10.3.1/../../../../arm-none-eabi/lib/thumb/v7e-m+dp/hard\libc_nano.a(lib_a-errno.o)
                              ./Core/Src/syscalls.o (__errno)
e:/stm32/stm32cubeide_1.7.0/stm32cubeide/plugins/com.st.stm32cube.ide.mcu.externaltools.gnu-tools-for-stm32.10.3-2021.10.win32_1.0.0.202111181127/tools/bin/../lib/gcc/arm-none-eabi/10.3.1/../../../../arm-none-eabi/lib/thumb/v7e-m+dp/hard\libc_nano.a(lib_a-exit.o)
                              e:/stm32/stm32cubeide_1.7.0/stm32cubeide/plugins/com.st.stm32cube.ide.mcu.externaltools.gnu-tools-for-stm32.10.3-2021.10.win32_1.0.0.202111181127/tools/bin/../lib/gcc/arm-none-eabi/10.3.1/../../../../arm-none-eabi/lib/thumb/v7e-m+dp/hard/crt0.o (exit)
e:/stm32/stm32cubeide_1.7.0/stm32cubeide/plugins/com.st.stm32cube.ide.mcu.externaltools.gnu-tools-for-stm32.10.3-2021.10.win32_1.0.0.202111181127/tools/bin/../lib/gcc/arm-none-eabi/10.3.1/../../../../arm-none-eabi/lib/thumb/v7e-m+dp/hard\libc_nano.a(lib_a-findfp.o)
                              ./Middlewares/Third_Party/FreeRTOS/Source/tasks.o (__sf_fake_stderr)
e:/stm32/stm32cubeide_1.7.0/stm32cubeide/plugins/com.st.stm32cube.ide.mcu.externaltools.gnu-tools-for-stm32.10.3-2021.10.win32_1.0.0.202111181127/tools/bin/../lib/gcc/arm-none-eabi/10.3.1/../../../../arm-none-eabi/lib/thumb/v7e-m+dp/hard\libc_nano.a(lib_a-fwalk.o)
                              e:/stm32/stm32cubeide_1.7.0/stm32cubeide/plugins/com.st.stm32cube.ide.mcu.externaltools.gnu-tools-for-stm32.10.3-2021.10.win32_1.0.0.202111181127/tools/bin/../lib/gcc/arm-none-eabi/10.3.1/../../../../arm-none-eabi/lib/thumb/v7e-m+dp/hard\libc_nano.a(lib_a-findfp.o) (_fwalk)
e:/stm32/stm32cubeide_1.7.0/stm32cubeide/plugins/com.st.stm32cube.ide.mcu.externaltools.gnu-tools-for-stm32.10.3-2021.10.win32_1.0.0.202111181127/tools/bin/../lib/gcc/arm-none-eabi/10.3.1/../../../../arm-none-eabi/lib/thumb/v7e-m+dp/hard\libc_nano.a(lib_a-impure.o)
                              e:/stm32/stm32cubeide_1.7.0/stm32cubeide/plugins/com.st.stm32cube.ide.mcu.externaltools.gnu-tools-for-stm32.10.3-2021.10.win32_1.0.0.202111181127/tools/bin/../lib/gcc/arm-none-eabi/10.3.1/../../../../arm-none-eabi/lib/thumb/v7e-m+dp/hard\libc_nano.a(lib_a-exit.o) (_global_impure_ptr)
e:/stm32/stm32cubeide_1.7.0/stm32cubeide/plugins/com.st.stm32cube.ide.mcu.externaltools.gnu-tools-for-stm32.10.3-2021.10.win32_1.0.0.202111181127/tools/bin/../lib/gcc/arm-none-eabi/10.3.1/../../../../arm-none-eabi/lib/thumb/v7e-m+dp/hard\libc_nano.a(lib_a-init.o)
                              e:/stm32/stm32cubeide_1.7.0/stm32cubeide/plugins/com.st.stm32cube.ide.mcu.externaltools.gnu-tools-for-stm32.10.3-2021.10.win32_1.0.0.202111181127/tools/bin/../lib/gcc/arm-none-eabi/10.3.1/../../../../arm-none-eabi/lib/thumb/v7e-m+dp/hard/crt0.o (__libc_init_array)
e:/stm32/stm32cubeide_1.7.0/stm32cubeide/plugins/com.st.stm32cube.ide.mcu.externaltools.gnu-tools-for-stm32.10.3-2021.10.win32_1.0.0.202111181127/tools/bin/../lib/gcc/arm-none-eabi/10.3.1/../../../../arm-none-eabi/lib/thumb/v7e-m+dp/hard\libc_nano.a(lib_a-lock.o)
                              e:/stm32/stm32cubeide_1.7.0/stm32cubeide/plugins/com.st.stm32cube.ide.mcu.externaltools.gnu-tools-for-stm32.10.3-2021.10.win32_1.0.0.202111181127/tools/bin/../lib/gcc/arm-none-eabi/10.3.1/../../../../arm-none-eabi/lib/thumb/v7e-m+dp/hard\libc_nano.a(lib_a-findfp.o) (__retarget_lock_init_recursive)
e:/stm32/stm32cubeide_1.7.0/stm32cubeide/plugins/com.st.stm32cube.ide.mcu.externaltools.gnu-tools-for-stm32.10.3-2021.10.win32_1.0.0.202111181127/tools/bin/../lib/gcc/arm-none-eabi/10.3.1/../../../../arm-none-eabi/lib/thumb/v7e-m+dp/hard\libc_nano.a(lib_a-memcpy-stub.o)
                              ./Middlewares/Third_Party/FreeRTOS/Source/CMSIS_RTOS_V2/cmsis_os2.o (memcpy)
e:/stm32/stm32cubeide_1.7.0/stm32cubeide/plugins/com.st.stm32cube.ide.mcu.externaltools.gnu-tools-for-stm32.10.3-2021.10.win32_1.0.0.202111181127/tools/bin/../lib/gcc/arm-none-eabi/10.3.1/../../../../arm-none-eabi/lib/thumb/v7e-m+dp/hard\libc_nano.a(lib_a-memset.o)
                              e:/stm32/stm32cubeide_1.7.0/stm32cubeide/plugins/com.st.stm32cube.ide.mcu.externaltools.gnu-tools-for-stm32.10.3-2021.10.win32_1.0.0.202111181127/tools/bin/../lib/gcc/arm-none-eabi/10.3.1/../../../../arm-none-eabi/lib/thumb/v7e-m+dp/hard/crt0.o (memset)
[...]
Memory Configuration

Name             Origin             Length             Attributes
FLASH            0x0000000008000000 0x0000000000020000 xr
DTCMRAM          0x0000000020000000 0x0000000000020000 xrw
RAM_D1           0x0000000024000000 0x0000000000080000 xrw
RAM_D2           0x0000000030000000 0x0000000000048000 xrw
RAM_D3           0x0000000038000000 0x0000000000010000 xrw
ITCMRAM          0x0000000000000000 0x0000000000010000 xrw
*default*        0x0000000000000000 0xffffffffffffffff

Linker script and memory map

LOAD e:/stm32/stm32cubeide_1.7.0/stm32cubeide/plugins/com.st.stm32cube.ide.mcu.externaltools.gnu-tools-for-stm32.10.3-2021.10.win32_1.0.0.202111181127/tools/bin/../lib/gcc/arm-none-eabi/10.3.1/thumb/v7e-m+dp/hard/crti.o
LOAD e:/stm32/stm32cubeide_1.7.0/stm32cubeide/plugins/com.st.stm32cube.ide.mcu.externaltools.gnu-tools-for-stm32.10.3-2021.10.win32_1.0.0.202111181127/tools/bin/../lib/gcc/arm-none-eabi/10.3.1/thumb/v7e-m+dp/hard/crtbegin.o
LOAD e:/stm32/stm32cubeide_1.7.0/stm32cubeide/plugins/com.st.stm32cube.ide.mcu.externaltools.gnu-tools-for-stm32.10.3-2021.10.win32_1.0.0.202111181127/tools/bin/../lib/gcc/arm-none-eabi/10.3.1/../../../../arm-none-eabi/lib/thumb/v7e-m+dp/hard/crt0.o
LOAD ./Core/Src/bdma.o
LOAD ./Core/Src/dma.o
LOAD ./Core/Src/fmc.o
LOAD ./Core/Src/freertos.o
LOAD ./Core/Src/gpio.o
LOAD ./Core/Src/main.o
LOAD ./Core/Src/quadspi.o
LOAD ./Core/Src/spi.o
LOAD ./Core/Src/stm32h7xx_hal_msp.o
LOAD ./Core/Src/stm32h7xx_hal_timebase_tim.o
LOAD ./Core/Src/stm32h7xx_it.o
LOAD ./Core/Src/syscalls.o
LOAD ./Core/Src/sysmem.o
LOAD ./Core/Src/system_stm32h7xx.o
LOAD ./Core/Src/w25qxx_qspi.o
LOAD ./Core/Startup/startup_stm32h750vbtx.o
LOAD ./Drivers/STM32H7xx_HAL_Driver/Src/stm32h7xx_hal.o
LOAD ./Drivers/STM32H7xx_HAL_Driver/Src/stm32h7xx_hal_cortex.o
LOAD ./Drivers/STM32H7xx_HAL_Driver/Src/stm32h7xx_hal_dma.o
LOAD ./Drivers/STM32H7xx_HAL_Driver/Src/stm32h7xx_hal_dma_ex.o
LOAD ./Drivers/STM32H7xx_HAL_Driver/Src/stm32h7xx_hal_exti.o
LOAD ./Drivers/STM32H7xx_HAL_Driver/Src/stm32h7xx_hal_flash.o
LOAD ./Drivers/STM32H7xx_HAL_Driver/Src/stm32h7xx_hal_flash_ex.o
LOAD ./Drivers/STM32H7xx_HAL_Driver/Src/stm32h7xx_hal_gpio.o
LOAD ./Drivers/STM32H7xx_HAL_Driver/Src/stm32h7xx_hal_hsem.o
LOAD ./Drivers/STM32H7xx_HAL_Driver/Src/stm32h7xx_hal_i2c.o
LOAD ./Drivers/STM32H7xx_HAL_Driver/Src/stm32h7xx_hal_i2c_ex.o
LOAD ./Drivers/STM32H7xx_HAL_Driver/Src/stm32h7xx_hal_mdma.o
LOAD ./Drivers/STM32H7xx_HAL_Driver/Src/stm32h7xx_hal_pcd.o
LOAD ./Drivers/STM32H7xx_HAL_Driver/Src/stm32h7xx_hal_pcd_ex.o
LOAD ./Drivers/STM32H7xx_HAL_Driver/Src/stm32h7xx_hal_pwr.o
LOAD ./Drivers/STM32H7xx_HAL_Driver/Src/stm32h7xx_hal_pwr_ex.o
LOAD ./Drivers/STM32H7xx_HAL_Driver/Src/stm32h7xx_hal_qspi.o
LOAD ./Drivers/STM32H7xx_HAL_Driver/Src/stm32h7xx_hal_rcc.o
LOAD ./Drivers/STM32H7xx_HAL_Driver/Src/stm32h7xx_hal_rcc_ex.o
LOAD ./Drivers/STM32H7xx_HAL_Driver/Src/stm32h7xx_hal_spi.o
LOAD ./Drivers/STM32H7xx_HAL_Driver/Src/stm32h7xx_hal_spi_ex.o
LOAD ./Drivers/STM32H7xx_HAL_Driver/Src/stm32h7xx_hal_sram.o
LOAD ./Drivers/STM32H7xx_HAL_Driver/Src/stm32h7xx_hal_tim.o
LOAD ./Drivers/STM32H7xx_HAL_Driver/Src/stm32h7xx_hal_tim_ex.o
LOAD ./Drivers/STM32H7xx_HAL_Driver/Src/stm32h7xx_ll_fmc.o
LOAD ./Drivers/STM32H7xx_HAL_Driver/Src/stm32h7xx_ll_usb.o
LOAD ./FATFS/App/fatfs.o
LOAD ./FATFS/Target/user_diskio.o
LOAD ./LCD/Src/lcd.o
LOAD ./Middlewares/ST/STM32_USB_Device_Library/Class/MSC/Src/usbd_msc.o
LOAD ./Middlewares/ST/STM32_USB_Device_Library/Class/MSC/Src/usbd_msc_bot.o
LOAD ./Middlewares/ST/STM32_USB_Device_Library/Class/MSC/Src/usbd_msc_data.o
LOAD ./Middlewares/ST/STM32_USB_Device_Library/Class/MSC/Src/usbd_msc_scsi.o
LOAD ./Middlewares/ST/STM32_USB_Device_Library/Core/Src/usbd_core.o
LOAD ./Middlewares/ST/STM32_USB_Device_Library/Core/Src/usbd_ctlreq.o
LOAD ./Middlewares/ST/STM32_USB_Device_Library/Core/Src/usbd_ioreq.o
LOAD ./Middlewares/Third_Party/FatFs/src/diskio.o
LOAD ./Middlewares/Third_Party/FatFs/src/ff.o
LOAD ./Middlewares/Third_Party/FatFs/src/ff_gen_drv.o
LOAD ./Middlewares/Third_Party/FatFs/src/option/ccsbcs.o
LOAD ./Middlewares/Third_Party/FatFs/src/option/syscall.o
LOAD ./Middlewares/Third_Party/FreeRTOS/Source/CMSIS_RTOS_V2/cmsis_os2.o
LOAD ./Middlewares/Third_Party/FreeRTOS/Source/croutine.o
LOAD ./Middlewares/Third_Party/FreeRTOS/Source/event_groups.o
LOAD ./Middlewares/Third_Party/FreeRTOS/Source/list.o
LOAD ./Middlewares/Third_Party/FreeRTOS/Source/queue.o
LOAD ./Middlewares/Third_Party/FreeRTOS/Source/stream_buffer.o
LOAD ./Middlewares/Third_Party/FreeRTOS/Source/tasks.o
LOAD ./Middlewares/Third_Party/FreeRTOS/Source/timers.o
LOAD ./Middlewares/Third_Party/FreeRTOS/Source/portable/GCC/ARM_CM4F/port.o
LOAD ./Middlewares/Third_Party/FreeRTOS/Source/portable/MemMang/heap_4.o
LOAD ./NES/Src/BUS.o
LOAD ./NES/Src/CPU.o
LOAD ./NES/Src/Catridge.o
LOAD ./NES/Src/PPU.o
LOAD ./USB_DEVICE/App/usb_device.o
LOAD ./USB_DEVICE/App/usbd_desc.o
LOAD ./USB_DEVICE/App/usbd_storage_if.o
LOAD ./USB_DEVICE/Target/usbd_conf.o
START GROUP
LOAD e:/stm32/stm32cubeide_1.7.0/stm32cubeide/plugins/com.st.stm32cube.ide.mcu.externaltools.gnu-tools-for-stm32.10.3-2021.10.win32_1.0.0.202111181127/tools/bin/../lib/gcc/arm-none-eabi/10.3.1/../../../../arm-none-eabi/lib/thumb/v7e-m+dp/hard\libstdc++_nano.a
LOAD e:/stm32/stm32cubeide_1.7.0/stm32cubeide/plugins/com.st.stm32cube.ide.mcu.externaltools.gnu-tools-for-stm32.10.3-2021.10.win32_1.0.0.202111181127/tools/bin/../lib/gcc/arm-none-eabi/10.3.1/../../../../arm-none-eabi/lib/thumb/v7e-m+dp/hard\libsupc++_nano.a
END GROUP
LOAD e:/stm32/stm32cubeide_1.7.0/stm32cubeide/plugins/com.st.stm32cube.ide.mcu.externaltools.gnu-tools-for-stm32.10.3-2021.10.win32_1.0.0.202111181127/tools/bin/../lib/gcc/arm-none-eabi/10.3.1/../../../../arm-none-eabi/lib/thumb/v7e-m+dp/hard\libstdc++_nano.a
LOAD e:/stm32/stm32cubeide_1.7.0/stm32cubeide/plugins/com.st.stm32cube.ide.mcu.externaltools.gnu-tools-for-stm32.10.3-2021.10.win32_1.0.0.202111181127/tools/bin/../lib/gcc/arm-none-eabi/10.3.1/../../../../arm-none-eabi/lib/thumb/v7e-m+dp/hard\libm.a
LOAD e:/stm32/stm32cubeide_1.7.0/stm32cubeide/plugins/com.st.stm32cube.ide.mcu.externaltools.gnu-tools-for-stm32.10.3-2021.10.win32_1.0.0.202111181127/tools/bin/../lib/gcc/arm-none-eabi/10.3.1/../../../../arm-none-eabi/lib/thumb/v7e-m+dp/hard\libc_nano.a
START GROUP
LOAD e:/stm32/stm32cubeide_1.7.0/stm32cubeide/plugins/com.st.stm32cube.ide.mcu.externaltools.gnu-tools-for-stm32.10.3-2021.10.win32_1.0.0.202111181127/tools/bin/../lib/gcc/arm-none-eabi/10.3.1/thumb/v7e-m+dp/hard\libgcc.a
LOAD e:/stm32/stm32cubeide_1.7.0/stm32cubeide/plugins/com.st.stm32cube.ide.mcu.externaltools.gnu-tools-for-stm32.10.3-2021.10.win32_1.0.0.202111181127/tools/bin/../lib/gcc/arm-none-eabi/10.3.1/../../../../arm-none-eabi/lib/thumb/v7e-m+dp/hard\libc_nano.a
END GROUP
START GROUP
LOAD e:/stm32/stm32cubeide_1.7.0/stm32cubeide/plugins/com.st.stm32cube.ide.mcu.externaltools.gnu-tools-for-stm32.10.3-2021.10.win32_1.0.0.202111181127/tools/bin/../lib/gcc/arm-none-eabi/10.3.1/thumb/v7e-m+dp/hard\libgcc.a
LOAD e:/stm32/stm32cubeide_1.7.0/stm32cubeide/plugins/com.st.stm32cube.ide.mcu.externaltools.gnu-tools-for-stm32.10.3-2021.10.win32_1.0.0.202111181127/tools/bin/../lib/gcc/arm-none-eabi/10.3.1/../../../../arm-none-eabi/lib/thumb/v7e-m+dp/hard\libc_nano.a
LOAD e:/stm32/stm32cubeide_1.7.0/stm32cubeide/plugins/com.st.stm32cube.ide.mcu.externaltools.gnu-tools-for-stm32.10.3-2021.10.win32_1.0.0.202111181127/tools/bin/../lib/gcc/arm-none-eabi/10.3.1/../../../../arm-none-eabi/lib/thumb/v7e-m+dp/hard\libnosys.a
END GROUP
START GROUP
LOAD e:/stm32/stm32cubeide_1.7.0/stm32cubeide/plugins/com.st.stm32cube.ide.mcu.externaltools.gnu-tools-for-stm32.10.3-2021.10.win32_1.0.0.202111181127/tools/bin/../lib/gcc/arm-none-eabi/10.3.1/thumb/v7e-m+dp/hard\libgcc.a
LOAD e:/stm32/stm32cubeide_1.7.0/stm32cubeide/plugins/com.st.stm32cube.ide.mcu.externaltools.gnu-tools-for-stm32.10.3-2021.10.win32_1.0.0.202111181127/tools/bin/../lib/gcc/arm-none-eabi/10.3.1/../../../../arm-none-eabi/lib/thumb/v7e-m+dp/hard\libc_nano.a
LOAD e:/stm32/stm32cubeide_1.7.0/stm32cubeide/plugins/com.st.stm32cube.ide.mcu.externaltools.gnu-tools-for-stm32.10.3-2021.10.win32_1.0.0.202111181127/tools/bin/../lib/gcc/arm-none-eabi/10.3.1/../../../../arm-none-eabi/lib/thumb/v7e-m+dp/hard\libnosys.a
END GROUP
LOAD e:/stm32/stm32cubeide_1.7.0/stm32cubeide/plugins/com.st.stm32cube.ide.mcu.externaltools.gnu-tools-for-stm32.10.3-2021.10.win32_1.0.0.202111181127/tools/bin/../lib/gcc/arm-none-eabi/10.3.1/thumb/v7e-m+dp/hard/crtend.o
LOAD e:/stm32/stm32cubeide_1.7.0/stm32cubeide/plugins/com.st.stm32cube.ide.mcu.externaltools.gnu-tools-for-stm32.10.3-2021.10.win32_1.0.0.202111181127/tools/bin/../lib/gcc/arm-none-eabi/10.3.1/thumb/v7e-m+dp/hard/crtn.o
                0x0000000024080000                _estack = (ORIGIN (RAM_D1) + LENGTH (RAM_D1))
                0x0000000000000200                _Min_Heap_Size = 0x200
                0x0000000000000400                _Min_Stack_Size = 0x400

.isr_vector     0x0000000008000000      0x298
                0x0000000008000000                . = ALIGN (0x4)
 *(.isr_vector)
 .isr_vector    0x0000000008000000      0x298 ./Core/Startup/startup_stm32h750vbtx.o
                0x0000000008000000                g_pfnVectors
                0x0000000008000298                . = ALIGN (0x4)

.text           0x00000000080002a0    0x10874
                0x00000000080002a0                . = ALIGN (0x4)
 *(.text)
 .text          0x00000000080002a0       0x40 e:/stm32/stm32cubeide_1.7.0/stm32cubeide/plugins/com.st.stm32cube.ide.mcu.externaltools.gnu-tools-for-stm32.10.3-2021.10.win32_1.0.0.202111181127/tools/bin/../lib/gcc/arm-none-eabi/10.3.1/thumb/v7e-m+dp/hard/crtbegin.o
 .text          0x00000000080002e0       0x10 e:/stm32/stm32cubeide_1.7.0/stm32cubeide/plugins/com.st.stm32cube.ide.mcu.externaltools.gnu-tools-for-stm32.10.3-2021.10.win32_1.0.0.202111181127/tools/bin/../lib/gcc/arm-none-eabi/10.3.1/../../../../arm-none-eabi/lib/thumb/v7e-m+dp/hard\libc_nano.a(lib_a-strlen.o)
                0x00000000080002e0                strlen
 .text          0x00000000080002f0       0x30 e:/stm32/stm32cubeide_1.7.0/stm32cubeide/plugins/com.st.stm32cube.ide.mcu.externaltools.gnu-tools-for-stm32.10.3-2021.10.win32_1.0.0.202111181127/tools/bin/../lib/gcc/arm-none-eabi/10.3.1/thumb/v7e-m+dp/hard\libgcc.a(_aeabi_uldivmod.o)
                0x00000000080002f0                __aeabi_uldivmod
 .text          0x0000000008000320      0x2d0 e:/stm32/stm32cubeide_1.7.0/stm32cubeide/plugins/com.st.stm32cube.ide.mcu.externaltools.gnu-tools-for-stm32.10.3-2021.10.win32_1.0.0.202111181127/tools/bin/../lib/gcc/arm-none-eabi/10.3.1/thumb/v7e-m+dp/hard\libgcc.a(_udivmoddi4.o)
                0x0000000008000320                __udivmoddi4
 .text          0x00000000080005f0        0x4 e:/stm32/stm32cubeide_1.7.0/stm32cubeide/plugins/com.st.stm32cube.ide.mcu.externaltools.gnu-tools-for-stm32.10.3-2021.10.win32_1.0.0.202111181127/tools/bin/../lib/gcc/arm-none-eabi/10.3.1/thumb/v7e-m+dp/hard\libgcc.a(_dvmd_tls.o)
                0x00000000080005f0                __aeabi_idiv0
                0x00000000080005f0                __aeabi_ldiv0
 *(.text*)
 *fill*         0x00000000080005f4        0x4 
 .text.MX_FMC_Init
                0x00000000080005f8       0x84 ./Core/Src/fmc.o
                0x00000000080005f8                MX_FMC_Init
 *fill*         0x000000000800067c        0x4 
 .text.HAL_SRAM_MspInit
                0x0000000008000680       0xcc ./Core/Src/fmc.o
                0x0000000008000680                HAL_SRAM_MspInit
 .text.Start_Default_Task
                0x000000000800074c       0x94 ./Core/Src/freertos.o
                0x000000000800074c                Start_Default_Task
 .text.MX_FREERTOS_Init
                0x00000000080007e0       0x20 ./Core/Src/freertos.o
                0x00000000080007e0                MX_FREERTOS_Init
 .text.MX_GPIO_Init
                0x0000000008000800       0xf8 ./Core/Src/gpio.o
                0x0000000008000800                MX_GPIO_Init
 .text.SystemClock_Config
                0x00000000080008f8      0x13c ./Core/Src/main.o
                0x00000000080008f8                SystemClock_Config
 *fill*         0x0000000008000a34        0x4 
 .text.PeriphCommonClock_Config
                0x0000000008000a38       0x60 ./Core/Src/main.o
                0x0000000008000a38                PeriphCommonClock_Config
 .text.startup.main
                0x0000000008000a98       0xd0 ./Core/Src/main.o
                0x0000000008000a98                main
 .text.HAL_TIM_PeriodElapsedCallback
                0x0000000008000b68       0x14 ./Core/Src/main.o
                0x0000000008000b68                HAL_TIM_PeriodElapsedCallback
 .text.Error_Handler
                0x0000000008000b7c        0x4 ./Core/Src/main.o
                0x0000000008000b7c                Error_Handler
 .text.MX_QUADSPI_Init
                0x0000000008000b80       0x40 ./Core/Src/quadspi.o
                0x0000000008000b80                MX_QUADSPI_Init
 .text.HAL_QSPI_MspInit
                0x0000000008000bc0      0x104 ./Core/Src/quadspi.o
                0x0000000008000bc0                HAL_QSPI_MspInit
 .text.MX_SPI4_Init
                0x0000000008000cc4       0x68 ./Core/Src/spi.o
                0x0000000008000cc4                MX_SPI4_Init
 .text.MX_SPI6_Init
                0x0000000008000d2c       0x68 ./Core/Src/spi.o
                0x0000000008000d2c                MX_SPI6_Init
 *fill*         0x0000000008000d94        0x4 
 .text.HAL_SPI_MspInit
                0x0000000008000d98      0x120 ./Core/Src/spi.o
                0x0000000008000d98                HAL_SPI_MspInit
 .text.HAL_MspInit
                0x0000000008000eb8       0x34 ./Core/Src/stm32h7xx_hal_msp.o
                0x0000000008000eb8                HAL_MspInit
 .text.HAL_InitTick
                0x0000000008000eec       0x94 ./Core/Src/stm32h7xx_hal_timebase_tim.o
                0x0000000008000eec                HAL_InitTick
 .text.NMI_Handler
                0x0000000008000f80        0x4 ./Core/Src/stm32h7xx_it.o
                0x0000000008000f80                NMI_Handler
 .text.HardFault_Handler
                0x0000000008000f84        0x4 ./Core/Src/stm32h7xx_it.o
                0x0000000008000f84                HardFault_Handler
 .text.MemManage_Handler
                0x0000000008000f88        0x4 ./Core/Src/stm32h7xx_it.o
                0x0000000008000f88                MemManage_Handler
 .text.BusFault_Handler
                0x0000000008000f8c        0x4 ./Core/Src/stm32h7xx_it.o
                0x0000000008000f8c                BusFault_Handler
 .text.UsageFault_Handler
                0x0000000008000f90        0x4 ./Core/Src/stm32h7xx_it.o
                0x0000000008000f90                UsageFault_Handler
 .text.DebugMon_Handler
                0x0000000008000f94        0x4 ./Core/Src/stm32h7xx_it.o
                0x0000000008000f94                DebugMon_Handler
 .text.OTG_FS_IRQHandler
                0x0000000008000f98        0xc ./Core/Src/stm32h7xx_it.o
                0x0000000008000f98                OTG_FS_IRQHandler
 .text.TIM17_IRQHandler
                0x0000000008000fa4        0xc ./Core/Src/stm32h7xx_it.o
                0x0000000008000fa4                TIM17_IRQHandler
 .text._sbrk    0x0000000008000fb0       0x48 ./Core/Src/sysmem.o
                0x0000000008000fb0                _sbrk
 .text.SystemInit
                0x0000000008000ff8       0xcc ./Core/Src/system_stm32h7xx.o
                0x0000000008000ff8                SystemInit
 *fill*         0x00000000080010c4        0x4 
 .text.QSPI_WriteEnable.constprop.0
                0x00000000080010c8       0xa0 ./Core/Src/w25qxx_qspi.o
 .text.w25qxx_ReadSR.constprop.0
                0x0000000008001168       0xb8 ./Core/Src/w25qxx_qspi.o
 .text.w25qxx_GetID
                0x0000000008001220      0x110 ./Core/Src/w25qxx_qspi.o
                0x0000000008001220                w25qxx_GetID
 .text.w25qxx_ReadSR
                0x0000000008001330       0x68 ./Core/Src/w25qxx_qspi.o
                0x0000000008001330                w25qxx_ReadSR
 .text.w25qxx_Init
                0x0000000008001398       0xa4 ./Core/Src/w25qxx_qspi.o
                0x0000000008001398                w25qxx_Init
 .text.w25qxx_WriteSR
                0x000000000800143c       0x68 ./Core/Src/w25qxx_qspi.o
                0x000000000800143c                w25qxx_WriteSR
 *fill*         0x00000000080014a4        0x4 
 .text.w25qxx_EnterQPI
                0x00000000080014a8      0x148 ./Core/Src/w25qxx_qspi.o
                0x00000000080014a8                w25qxx_EnterQPI
 .text.Flash_4k_Read
                0x00000000080015f0       0x80 ./Core/Src/w25qxx_qspi.o
                0x00000000080015f0                Flash_4k_Read
 .text.Flash_4k_Write
                0x0000000008001670      0x228 ./Core/Src/w25qxx_qspi.o
                0x0000000008001670                Flash_4k_Write
 .text.Reset_Handler
                0x0000000008001898       0x50 ./Core/Startup/startup_stm32h750vbtx.o
                0x0000000008001898                Reset_Handler
 .text.Default_Handler
                0x00000000080018e8        0x2 ./Core/Startup/startup_stm32h750vbtx.o
                0x00000000080018e8                RTC_Alarm_IRQHandler
                0x00000000080018e8                HASH_RNG_IRQHandler
                0x00000000080018e8                EXTI2_IRQHandler
                0x00000000080018e8                TIM8_CC_IRQHandler
                0x00000000080018e8                HRTIM1_Master_IRQHandler
                0x00000000080018e8                UART8_IRQHandler
                0x00000000080018e8                SPI4_IRQHandler
                0x00000000080018e8                TIM1_CC_IRQHandler
                0x00000000080018e8                BDMA_Channel6_IRQHandler
                0x00000000080018e8                DMA2_Stream5_IRQHandler
                0x00000000080018e8                HRTIM1_FLT_IRQHandler
                0x00000000080018e8                JPEG_IRQHandler
                0x00000000080018e8                DMA1_Stream5_IRQHandler
                0x00000000080018e8                BDMA_Channel1_IRQHandler
                0x00000000080018e8                HRTIM1_TIMD_IRQHandler
                0x00000000080018e8                TAMP_STAMP_IRQHandler
                0x00000000080018e8                EXTI3_IRQHandler
                0x00000000080018e8                LPTIM4_IRQHandler
                0x00000000080018e8                TIM8_TRG_COM_TIM14_IRQHandler
                0x00000000080018e8                LPTIM2_IRQHandler
                0x00000000080018e8                DFSDM1_FLT1_IRQHandler
                0x00000000080018e8                DMAMUX2_OVR_IRQHandler
                0x00000000080018e8                TIM8_UP_TIM13_IRQHandler
                0x00000000080018e8                I2C3_ER_IRQHandler
                0x00000000080018e8                DFSDM1_FLT2_IRQHandler
                0x00000000080018e8                MDMA_IRQHandler
                0x00000000080018e8                LPTIM3_IRQHandler
                0x00000000080018e8                HSEM1_IRQHandler
                0x00000000080018e8                EXTI0_IRQHandler
                0x00000000080018e8                I2C2_EV_IRQHandler
                0x00000000080018e8                DMA1_Stream2_IRQHandler
                0x00000000080018e8                FPU_IRQHandler
                0x00000000080018e8                OTG_HS_WKUP_IRQHandler
                0x00000000080018e8                FDCAN1_IT1_IRQHandler
                0x00000000080018e8                LTDC_ER_IRQHandler
                0x00000000080018e8                DMA2_Stream2_IRQHandler
                0x00000000080018e8                HRTIM1_TIME_IRQHandler
                0x00000000080018e8                SPI1_IRQHandler
                0x00000000080018e8                TIM6_DAC_IRQHandler
                0x00000000080018e8                DCMI_IRQHandler
                0x00000000080018e8                HRTIM1_TIMC_IRQHandler
                0x00000000080018e8                DMA2_Stream3_IRQHandler
                0x00000000080018e8                SAI2_IRQHandler
                0x00000000080018e8                DFSDM1_FLT3_IRQHandler
                0x00000000080018e8                USART6_IRQHandler
                0x00000000080018e8                USART3_IRQHandler
                0x00000000080018e8                BDMA_Channel7_IRQHandler
                0x00000000080018e8                CRYP_IRQHandler
                0x00000000080018e8                LPTIM5_IRQHandler
                0x00000000080018e8                UART5_IRQHandler
                0x00000000080018e8                ADC3_IRQHandler
                0x00000000080018e8                DMA2_Stream0_IRQHandler
                0x00000000080018e8                TIM4_IRQHandler
                0x00000000080018e8                BDMA_Channel2_IRQHandler
                0x00000000080018e8                QUADSPI_IRQHandler
                0x00000000080018e8                I2C1_EV_IRQHandler
                0x00000000080018e8                DMA1_Stream6_IRQHandler
                0x00000000080018e8                DMAMUX1_OVR_IRQHandler
                0x00000000080018e8                DMA1_Stream1_IRQHandler
                0x00000000080018e8                TIM16_IRQHandler
                0x00000000080018e8                UART4_IRQHandler
                0x00000000080018e8                BDMA_Channel5_IRQHandler
                0x00000000080018e8                TIM3_IRQHandler
                0x00000000080018e8                RCC_IRQHandler
                0x00000000080018e8                TIM8_BRK_TIM12_IRQHandler
                0x00000000080018e8                TIM1_TRG_COM_IRQHandler
                0x00000000080018e8                Default_Handler
                0x00000000080018e8                ECC_IRQHandler
                0x00000000080018e8                CEC_IRQHandler
                0x00000000080018e8                EXTI15_10_IRQHandler
                0x00000000080018e8                BDMA_Channel0_IRQHandler
                0x00000000080018e8                ADC_IRQHandler
                0x00000000080018e8                DMA1_Stream7_IRQHandler
                0x00000000080018e8                HRTIM1_TIMA_IRQHandler
                0x00000000080018e8                SPI5_IRQHandler
                0x00000000080018e8                TIM7_IRQHandler
                0x00000000080018e8                SDMMC1_IRQHandler
                0x00000000080018e8                TIM5_IRQHandler
                0x00000000080018e8                DMA2_Stream7_IRQHandler
                0x00000000080018e8                TIM15_IRQHandler
                0x00000000080018e8                PVD_AVD_IRQHandler
                0x00000000080018e8                I2C3_EV_IRQHandler
                0x00000000080018e8                EXTI9_5_IRQHandler
                0x00000000080018e8                RTC_WKUP_IRQHandler
                0x00000000080018e8                LTDC_IRQHandler
                0x00000000080018e8                SAI3_IRQHandler
                0x00000000080018e8                ETH_WKUP_IRQHandler
                0x00000000080018e8                SPDIF_RX_IRQHandler
                0x00000000080018e8                SPI2_IRQHandler
                0x00000000080018e8                OTG_HS_EP1_IN_IRQHandler
                0x00000000080018e8                DMA1_Stream0_IRQHandler
                0x00000000080018e8                CRS_IRQHandler
                0x00000000080018e8                EXTI4_IRQHandler
                0x00000000080018e8                HRTIM1_TIMB_IRQHandler
                0x00000000080018e8                FDCAN2_IT1_IRQHandler
                0x00000000080018e8                ETH_IRQHandler
                0x00000000080018e8                TIM1_UP_IRQHandler
                0x00000000080018e8                BDMA_Channel4_IRQHandler
                0x00000000080018e8                OTG_HS_EP1_OUT_IRQHandler
                0x00000000080018e8                WWDG_IRQHandler
                0x00000000080018e8                SPI6_IRQHandler
                0x00000000080018e8                MDIOS_IRQHandler
                0x00000000080018e8                I2C4_EV_IRQHandler
                0x00000000080018e8                FDCAN2_IT0_IRQHandler
                0x00000000080018e8                LPUART1_IRQHandler
                0x00000000080018e8                FDCAN1_IT0_IRQHandler
                0x00000000080018e8                TIM2_IRQHandler
                0x00000000080018e8                OTG_FS_WKUP_IRQHandler
                0x00000000080018e8                OTG_HS_IRQHandler
                0x00000000080018e8                DMA2D_IRQHandler
                0x00000000080018e8                TIM1_BRK_IRQHandler
                0x00000000080018e8                EXTI1_IRQHandler
                0x00000000080018e8                SDMMC2_IRQHandler
                0x00000000080018e8                OTG_FS_EP1_OUT_IRQHandler
                0x00000000080018e8                BDMA_Channel3_IRQHandler
                0x00000000080018e8                UART7_IRQHandler
                0x00000000080018e8                MDIOS_WKUP_IRQHandler
                0x00000000080018e8                USART2_IRQHandler
                0x00000000080018e8                DFSDM1_FLT0_IRQHandler
                0x00000000080018e8                SAI4_IRQHandler
                0x00000000080018e8                I2C2_ER_IRQHandler
                0x00000000080018e8                DMA2_Stream1_IRQHandler
                0x00000000080018e8                FLASH_IRQHandler
                0x00000000080018e8                DMA2_Stream4_IRQHandler
                0x00000000080018e8                USART1_IRQHandler
                0x00000000080018e8                SPI3_IRQHandler
                0x00000000080018e8                WAKEUP_PIN_IRQHandler
                0x00000000080018e8                DMA1_Stream4_IRQHandler
                0x00000000080018e8                OTG_FS_EP1_IN_IRQHandler
                0x00000000080018e8                I2C1_ER_IRQHandler
                0x00000000080018e8                FMC_IRQHandler
                0x00000000080018e8                FDCAN_CAL_IRQHandler
                0x00000000080018e8                SWPMI1_IRQHandler
                0x00000000080018e8                COMP1_IRQHandler
                0x00000000080018e8                LPTIM1_IRQHandler
                0x00000000080018e8                I2C4_ER_IRQHandler
                0x00000000080018e8                DMA2_Stream6_IRQHandler
                0x00000000080018e8                SAI1_IRQHandler
                0x00000000080018e8                DMA1_Stream3_IRQHandler
 *fill*         0x00000000080018ea        0x2 
 .text.HAL_Init
                0x00000000080018ec       0x60 ./Drivers/STM32H7xx_HAL_Driver/Src/stm32h7xx_hal.o
                0x00000000080018ec                HAL_Init
 .text.HAL_IncTick
                0x000000000800194c       0x18 ./Drivers/STM32H7xx_HAL_Driver/Src/stm32h7xx_hal.o
                0x000000000800194c                HAL_IncTick
 .text.HAL_GetTick
                0x0000000008001964        0xc ./Drivers/STM32H7xx_HAL_Driver/Src/stm32h7xx_hal.o
                0x0000000008001964                HAL_GetTick
 .text.HAL_Delay
                0x0000000008001970       0x24 ./Drivers/STM32H7xx_HAL_Driver/Src/stm32h7xx_hal.o
                0x0000000008001970                HAL_Delay
 .text.HAL_GetREVID
                0x0000000008001994        0xc ./Drivers/STM32H7xx_HAL_Driver/Src/stm32h7xx_hal.o
                0x0000000008001994                HAL_GetREVID
 .text.HAL_SetFMCMemorySwappingConfig
                0x00000000080019a0       0x14 ./Drivers/STM32H7xx_HAL_Driver/Src/stm32h7xx_hal.o
                0x00000000080019a0                HAL_SetFMCMemorySwappingConfig
 .text.HAL_NVIC_SetPriorityGrouping
                0x00000000080019b4       0x24 ./Drivers/STM32H7xx_HAL_Driver/Src/stm32h7xx_hal_cortex.o
                0x00000000080019b4                HAL_NVIC_SetPriorityGrouping
 .text.HAL_NVIC_SetPriority
                0x00000000080019d8       0x7c ./Drivers/STM32H7xx_HAL_Driver/Src/stm32h7xx_hal_cortex.o
                0x00000000080019d8                HAL_NVIC_SetPriority
 .text.HAL_NVIC_EnableIRQ
                0x0000000008001a54       0x1c ./Drivers/STM32H7xx_HAL_Driver/Src/stm32h7xx_hal_cortex.o
                0x0000000008001a54                HAL_NVIC_EnableIRQ
 .text.HAL_MPU_Disable
                0x0000000008001a70       0x1c ./Drivers/STM32H7xx_HAL_Driver/Src/stm32h7xx_hal_cortex.o
                0x0000000008001a70                HAL_MPU_Disable
 .text.HAL_MPU_Enable
                0x0000000008001a8c       0x20 ./Drivers/STM32H7xx_HAL_Driver/Src/stm32h7xx_hal_cortex.o
                0x0000000008001a8c                HAL_MPU_Enable
 .text.HAL_MPU_ConfigRegion
                0x0000000008001aac       0x64 ./Drivers/STM32H7xx_HAL_Driver/Src/stm32h7xx_hal_cortex.o
                0x0000000008001aac                HAL_MPU_ConfigRegion
 .text.HAL_GPIO_Init
                0x0000000008001b10      0x274 ./Drivers/STM32H7xx_HAL_Driver/Src/stm32h7xx_hal_gpio.o
                0x0000000008001b10                HAL_GPIO_Init
 .text.HAL_GPIO_WritePin
                0x0000000008001d84        0x8 ./Drivers/STM32H7xx_HAL_Driver/Src/stm32h7xx_hal_gpio.o
                0x0000000008001d84                HAL_GPIO_WritePin
 .text.HAL_GPIO_TogglePin
                0x0000000008001d8c       0x14 ./Drivers/STM32H7xx_HAL_Driver/Src/stm32h7xx_hal_gpio.o
                0x0000000008001d8c                HAL_GPIO_TogglePin
 .text.HAL_I2CEx_EnableFastModePlus
                0x0000000008001da0       0x38 ./Drivers/STM32H7xx_HAL_Driver/Src/stm32h7xx_hal_i2c_ex.o
                0x0000000008001da0                HAL_I2CEx_EnableFastModePlus
 .text.HAL_PCD_Init
                0x0000000008001dd8      0x12c ./Drivers/STM32H7xx_HAL_Driver/Src/stm32h7xx_hal_pcd.o
                0x0000000008001dd8                HAL_PCD_Init
 .text.HAL_PCD_Start
                0x0000000008001f04       0x44 ./Drivers/STM32H7xx_HAL_Driver/Src/stm32h7xx_hal_pcd.o
                0x0000000008001f04                HAL_PCD_Start
 .text.HAL_PCD_IRQHandler
                0x0000000008001f48      0xb48 ./Drivers/STM32H7xx_HAL_Driver/Src/stm32h7xx_hal_pcd.o
                0x0000000008001f48                HAL_PCD_IRQHandler
 .text.HAL_PCD_SetAddress
                0x0000000008002a90       0x2c ./Drivers/STM32H7xx_HAL_Driver/Src/stm32h7xx_hal_pcd.o
                0x0000000008002a90                HAL_PCD_SetAddress
 .text.HAL_PCD_EP_Open
                0x0000000008002abc       0x7c ./Drivers/STM32H7xx_HAL_Driver/Src/stm32h7xx_hal_pcd.o
                0x0000000008002abc                HAL_PCD_EP_Open
 .text.HAL_PCD_EP_Close
                0x0000000008002b38       0x6c ./Drivers/STM32H7xx_HAL_Driver/Src/stm32h7xx_hal_pcd.o
                0x0000000008002b38                HAL_PCD_EP_Close
 .text.HAL_PCD_EP_Receive
                0x0000000008002ba4       0x50 ./Drivers/STM32H7xx_HAL_Driver/Src/stm32h7xx_hal_pcd.o
                0x0000000008002ba4                HAL_PCD_EP_Receive
 .text.HAL_PCD_EP_GetRxCount
                0x0000000008002bf4       0x14 ./Drivers/STM32H7xx_HAL_Driver/Src/stm32h7xx_hal_pcd.o
                0x0000000008002bf4                HAL_PCD_EP_GetRxCount
 .text.HAL_PCD_EP_Transmit
                0x0000000008002c08       0x50 ./Drivers/STM32H7xx_HAL_Driver/Src/stm32h7xx_hal_pcd.o
                0x0000000008002c08                HAL_PCD_EP_Transmit
 .text.HAL_PCD_EP_SetStall
                0x0000000008002c58       0x88 ./Drivers/STM32H7xx_HAL_Driver/Src/stm32h7xx_hal_pcd.o
                0x0000000008002c58                HAL_PCD_EP_SetStall
 .text.HAL_PCD_EP_ClrStall
                0x0000000008002ce0       0x78 ./Drivers/STM32H7xx_HAL_Driver/Src/stm32h7xx_hal_pcd.o
                0x0000000008002ce0                HAL_PCD_EP_ClrStall
 .text.HAL_PCD_EP_Flush
                0x0000000008002d58       0x40 ./Drivers/STM32H7xx_HAL_Driver/Src/stm32h7xx_hal_pcd.o
                0x0000000008002d58                HAL_PCD_EP_Flush
 .text.HAL_PCDEx_SetTxFiFo
                0x0000000008002d98       0x54 ./Drivers/STM32H7xx_HAL_Driver/Src/stm32h7xx_hal_pcd_ex.o
                0x0000000008002d98                HAL_PCDEx_SetTxFiFo
 .text.HAL_PCDEx_SetRxFiFo
                0x0000000008002dec        0xc ./Drivers/STM32H7xx_HAL_Driver/Src/stm32h7xx_hal_pcd_ex.o
                0x0000000008002dec                HAL_PCDEx_SetRxFiFo
 .text.HAL_PCDEx_ActivateLPM
                0x0000000008002df8       0x30 ./Drivers/STM32H7xx_HAL_Driver/Src/stm32h7xx_hal_pcd_ex.o
                0x0000000008002df8                HAL_PCDEx_ActivateLPM
 .text.HAL_PCDEx_LPM_Callback
                0x0000000008002e28        0x4 ./Drivers/STM32H7xx_HAL_Driver/Src/stm32h7xx_hal_pcd_ex.o
                0x0000000008002e28                HAL_PCDEx_LPM_Callback
 .text.HAL_PWREx_ConfigSupply
                0x0000000008002e2c       0x48 ./Drivers/STM32H7xx_HAL_Driver/Src/stm32h7xx_hal_pwr_ex.o
                0x0000000008002e2c                HAL_PWREx_ConfigSupply
 .text.HAL_PWREx_EnableUSBVoltageDetector
                0x0000000008002e74       0x10 ./Drivers/STM32H7xx_HAL_Driver/Src/stm32h7xx_hal_pwr_ex.o
                0x0000000008002e74                HAL_PWREx_EnableUSBVoltageDetector
 .text.QSPI_Config
                0x0000000008002e84      0x174 ./Drivers/STM32H7xx_HAL_Driver/Src/stm32h7xx_hal_qspi.o
 .text.HAL_QSPI_Init
                0x0000000008002ff8       0xb8 ./Drivers/STM32H7xx_HAL_Driver/Src/stm32h7xx_hal_qspi.o
                0x0000000008002ff8                HAL_QSPI_Init
 .text.HAL_QSPI_Command
                0x00000000080030b0       0xd4 ./Drivers/STM32H7xx_HAL_Driver/Src/stm32h7xx_hal_qspi.o
                0x00000000080030b0                HAL_QSPI_Command
 .text.HAL_QSPI_Transmit
                0x0000000008003184       0xfc ./Drivers/STM32H7xx_HAL_Driver/Src/stm32h7xx_hal_qspi.o
                0x0000000008003184                HAL_QSPI_Transmit
 .text.HAL_QSPI_Receive
                0x0000000008003280      0x108 ./Drivers/STM32H7xx_HAL_Driver/Src/stm32h7xx_hal_qspi.o
                0x0000000008003280                HAL_QSPI_Receive
 .text.HAL_QSPI_AutoPolling
                0x0000000008003388       0xf0 ./Drivers/STM32H7xx_HAL_Driver/Src/stm32h7xx_hal_qspi.o
                0x0000000008003388                HAL_QSPI_AutoPolling
 .text.HAL_RCC_GetSysClockFreq.part.0
                0x0000000008003478      0x108 ./Drivers/STM32H7xx_HAL_Driver/Src/stm32h7xx_hal_rcc.o
 .text.HAL_RCC_OscConfig
                0x0000000008003580      0x5a8 ./Drivers/STM32H7xx_HAL_Driver/Src/stm32h7xx_hal_rcc.o
                0x0000000008003580                HAL_RCC_OscConfig
 .text.HAL_RCC_GetSysClockFreq
                0x0000000008003b28      0x140 ./Drivers/STM32H7xx_HAL_Driver/Src/stm32h7xx_hal_rcc.o
                0x0000000008003b28                HAL_RCC_GetSysClockFreq
 .text.HAL_RCC_ClockConfig
                0x0000000008003c68      0x250 ./Drivers/STM32H7xx_HAL_Driver/Src/stm32h7xx_hal_rcc.o
                0x0000000008003c68                HAL_RCC_ClockConfig
 .text.HAL_RCC_GetHCLKFreq
                0x0000000008003eb8       0x80 ./Drivers/STM32H7xx_HAL_Driver/Src/stm32h7xx_hal_rcc.o
                0x0000000008003eb8                HAL_RCC_GetHCLKFreq
 .text.HAL_RCC_GetPCLK2Freq
                0x0000000008003f38       0x90 ./Drivers/STM32H7xx_HAL_Driver/Src/stm32h7xx_hal_rcc.o
                0x0000000008003f38                HAL_RCC_GetPCLK2Freq
 .text.HAL_RCC_GetClockConfig
                0x0000000008003fc8       0x58 ./Drivers/STM32H7xx_HAL_Driver/Src/stm32h7xx_hal_rcc.o
                0x0000000008003fc8                HAL_RCC_GetClockConfig
 .text.RCCEx_PLL2_Config
                0x0000000008004020       0xf4 ./Drivers/STM32H7xx_HAL_Driver/Src/stm32h7xx_hal_rcc_ex.o
 .text.RCCEx_PLL3_Config
                0x0000000008004114       0xf4 ./Drivers/STM32H7xx_HAL_Driver/Src/stm32h7xx_hal_rcc_ex.o
 .text.HAL_RCCEx_PeriphCLKConfig
                0x0000000008004208      0xa90 ./Drivers/STM32H7xx_HAL_Driver/Src/stm32h7xx_hal_rcc_ex.o
                0x0000000008004208                HAL_RCCEx_PeriphCLKConfig
 .text.SPI_CloseTransfer
                0x0000000008004c98       0xb8 ./Drivers/STM32H7xx_HAL_Driver/Src/stm32h7xx_hal_spi.o
 .text.HAL_SPI_Init
                0x0000000008004d50      0x170 ./Drivers/STM32H7xx_HAL_Driver/Src/stm32h7xx_hal_spi.o
                0x0000000008004d50                HAL_SPI_Init
 .text.HAL_SPI_TransmitReceive
                0x0000000008004ec0      0x3b8 ./Drivers/STM32H7xx_HAL_Driver/Src/stm32h7xx_hal_spi.o
                0x0000000008004ec0                HAL_SPI_TransmitReceive
 .text.HAL_SPI_Receive
                0x0000000008005278      0x2a0 ./Drivers/STM32H7xx_HAL_Driver/Src/stm32h7xx_hal_spi.o
                0x0000000008005278                HAL_SPI_Receive
 .text.HAL_SRAM_Init
                0x0000000008005518       0x6c ./Drivers/STM32H7xx_HAL_Driver/Src/stm32h7xx_hal_sram.o
                0x0000000008005518                HAL_SRAM_Init
 .text.HAL_TIM_Base_MspInit
                0x0000000008005584        0x4 ./Drivers/STM32H7xx_HAL_Driver/Src/stm32h7xx_hal_tim.o
                0x0000000008005584                HAL_TIM_Base_MspInit
 .text.HAL_TIM_Base_Init
                0x0000000008005588      0x16c ./Drivers/STM32H7xx_HAL_Driver/Src/stm32h7xx_hal_tim.o
                0x0000000008005588                HAL_TIM_Base_Init
 .text.HAL_TIM_Base_Start_IT
                0x00000000080056f4       0xb8 ./Drivers/STM32H7xx_HAL_Driver/Src/stm32h7xx_hal_tim.o
                0x00000000080056f4                HAL_TIM_Base_Start_IT
 .text.HAL_TIM_OC_DelayElapsedCallback
                0x00000000080057ac        0x4 ./Drivers/STM32H7xx_HAL_Driver/Src/stm32h7xx_hal_tim.o
                0x00000000080057ac                HAL_TIM_OC_DelayElapsedCallback
 .text.HAL_TIM_IC_CaptureCallback
                0x00000000080057b0        0x4 ./Drivers/STM32H7xx_HAL_Driver/Src/stm32h7xx_hal_tim.o
                0x00000000080057b0                HAL_TIM_IC_CaptureCallback
 .text.HAL_TIM_PWM_PulseFinishedCallback
                0x00000000080057b4        0x4 ./Drivers/STM32H7xx_HAL_Driver/Src/stm32h7xx_hal_tim.o
                0x00000000080057b4                HAL_TIM_PWM_PulseFinishedCallback
 .text.HAL_TIM_TriggerCallback
                0x00000000080057b8        0x4 ./Drivers/STM32H7xx_HAL_Driver/Src/stm32h7xx_hal_tim.o
                0x00000000080057b8                HAL_TIM_TriggerCallback
 .text.HAL_TIM_IRQHandler
                0x00000000080057bc      0x170 ./Drivers/STM32H7xx_HAL_Driver/Src/stm32h7xx_hal_tim.o
                0x00000000080057bc                HAL_TIM_IRQHandler
 .text.HAL_TIMEx_CommutCallback
                0x000000000800592c        0x4 ./Drivers/STM32H7xx_HAL_Driver/Src/stm32h7xx_hal_tim_ex.o
                0x000000000800592c                HAL_TIMEx_CommutCallback
 .text.HAL_TIMEx_BreakCallback
                0x0000000008005930        0x4 ./Drivers/STM32H7xx_HAL_Driver/Src/stm32h7xx_hal_tim_ex.o
                0x0000000008005930                HAL_TIMEx_BreakCallback
 .text.HAL_TIMEx_Break2Callback
                0x0000000008005934        0x4 ./Drivers/STM32H7xx_HAL_Driver/Src/stm32h7xx_hal_tim_ex.o
                0x0000000008005934                HAL_TIMEx_Break2Callback
 .text.FMC_NORSRAM_Init
                0x0000000008005938       0xb0 ./Drivers/STM32H7xx_HAL_Driver/Src/stm32h7xx_ll_fmc.o
                0x0000000008005938                FMC_NORSRAM_Init
 .text.FMC_NORSRAM_Timing_Init
                0x00000000080059e8       0x60 ./Drivers/STM32H7xx_HAL_Driver/Src/stm32h7xx_ll_fmc.o
                0x00000000080059e8                FMC_NORSRAM_Timing_Init
 .text.FMC_NORSRAM_Extended_Timing_Init
                0x0000000008005a48       0x44 ./Drivers/STM32H7xx_HAL_Driver/Src/stm32h7xx_ll_fmc.o
                0x0000000008005a48                FMC_NORSRAM_Extended_Timing_Init
 .text.USB_CoreInit
                0x0000000008005a8c      0x144 ./Drivers/STM32H7xx_HAL_Driver/Src/stm32h7xx_ll_usb.o
                0x0000000008005a8c                USB_CoreInit
 .text.USB_SetTurnaroundTime
                0x0000000008005bd0       0xf4 ./Drivers/STM32H7xx_HAL_Driver/Src/stm32h7xx_ll_usb.o
                0x0000000008005bd0                USB_SetTurnaroundTime
 .text.USB_EnableGlobalInt
                0x0000000008005cc4       0x10 ./Drivers/STM32H7xx_HAL_Driver/Src/stm32h7xx_ll_usb.o
                0x0000000008005cc4                USB_EnableGlobalInt
 .text.USB_DisableGlobalInt
                0x0000000008005cd4       0x10 ./Drivers/STM32H7xx_HAL_Driver/Src/stm32h7xx_ll_usb.o
                0x0000000008005cd4                USB_DisableGlobalInt
 .text.USB_SetCurrentMode
                0x0000000008005ce4       0x6c ./Drivers/STM32H7xx_HAL_Driver/Src/stm32h7xx_ll_usb.o
                0x0000000008005ce4                USB_SetCurrentMode
 .text.USB_DevInit
                0x0000000008005d50      0x228 ./Drivers/STM32H7xx_HAL_Driver/Src/stm32h7xx_ll_usb.o
                0x0000000008005d50                USB_DevInit
 .text.USB_FlushTxFifo
                0x0000000008005f78       0x54 ./Drivers/STM32H7xx_HAL_Driver/Src/stm32h7xx_ll_usb.o
                0x0000000008005f78                USB_FlushTxFifo
 .text.USB_FlushRxFifo
                0x0000000008005fcc       0x50 ./Drivers/STM32H7xx_HAL_Driver/Src/stm32h7xx_ll_usb.o
                0x0000000008005fcc                USB_FlushRxFifo
 .text.USB_GetDevSpeed
                0x000000000800601c       0x18 ./Drivers/STM32H7xx_HAL_Driver/Src/stm32h7xx_ll_usb.o
                0x000000000800601c                USB_GetDevSpeed
 .text.USB_ActivateEndpoint
                0x0000000008006034       0x90 ./Drivers/STM32H7xx_HAL_Driver/Src/stm32h7xx_ll_usb.o
                0x0000000008006034                USB_ActivateEndpoint
 .text.USB_DeactivateEndpoint
                0x00000000080060c4       0xbc ./Drivers/STM32H7xx_HAL_Driver/Src/stm32h7xx_ll_usb.o
                0x00000000080060c4                USB_DeactivateEndpoint
 .text.USB_EPStartXfer
                0x0000000008006180      0x230 ./Drivers/STM32H7xx_HAL_Driver/Src/stm32h7xx_ll_usb.o
                0x0000000008006180                USB_EPStartXfer
 .text.USB_EP0StartXfer
                0x00000000080063b0      0x174 ./Drivers/STM32H7xx_HAL_Driver/Src/stm32h7xx_ll_usb.o
                0x00000000080063b0                USB_EP0StartXfer
 .text.USB_EPStopXfer
                0x0000000008006524       0x88 ./Drivers/STM32H7xx_HAL_Driver/Src/stm32h7xx_ll_usb.o
                0x0000000008006524                USB_EPStopXfer
 .text.USB_WritePacket
                0x00000000080065ac       0x2c ./Drivers/STM32H7xx_HAL_Driver/Src/stm32h7xx_ll_usb.o
                0x00000000080065ac                USB_WritePacket
 .text.USB_ReadPacket
                0x00000000080065d8       0x4c ./Drivers/STM32H7xx_HAL_Driver/Src/stm32h7xx_ll_usb.o
                0x00000000080065d8                USB_ReadPacket
 .text.USB_EPSetStall
                0x0000000008006624       0x68 ./Drivers/STM32H7xx_HAL_Driver/Src/stm32h7xx_ll_usb.o
                0x0000000008006624                USB_EPSetStall
 .text.USB_EPClearStall
                0x000000000800668c       0x58 ./Drivers/STM32H7xx_HAL_Driver/Src/stm32h7xx_ll_usb.o
                0x000000000800668c                USB_EPClearStall
 .text.USB_SetDevAddress
                0x00000000080066e4       0x24 ./Drivers/STM32H7xx_HAL_Driver/Src/stm32h7xx_ll_usb.o
                0x00000000080066e4                USB_SetDevAddress
 .text.USB_DevConnect
                0x0000000008006708       0x20 ./Drivers/STM32H7xx_HAL_Driver/Src/stm32h7xx_ll_usb.o
                0x0000000008006708                USB_DevConnect
 .text.USB_DevDisconnect
                0x0000000008006728       0x20 ./Drivers/STM32H7xx_HAL_Driver/Src/stm32h7xx_ll_usb.o
                0x0000000008006728                USB_DevDisconnect
 .text.USB_ReadInterrupts
                0x0000000008006748        0x8 ./Drivers/STM32H7xx_HAL_Driver/Src/stm32h7xx_ll_usb.o
                0x0000000008006748                USB_ReadInterrupts
 .text.USB_ReadDevAllOutEpInterrupt
                0x0000000008006750       0x10 ./Drivers/STM32H7xx_HAL_Driver/Src/stm32h7xx_ll_usb.o
                0x0000000008006750                USB_ReadDevAllOutEpInterrupt
 .text.USB_ReadDevAllInEpInterrupt
                0x0000000008006760       0x10 ./Drivers/STM32H7xx_HAL_Driver/Src/stm32h7xx_ll_usb.o
                0x0000000008006760                USB_ReadDevAllInEpInterrupt
 .text.USB_ReadDevOutEPInterrupt
                0x0000000008006770       0x14 ./Drivers/STM32H7xx_HAL_Driver/Src/stm32h7xx_ll_usb.o
                0x0000000008006770                USB_ReadDevOutEPInterrupt
 .text.USB_ReadDevInEPInterrupt
                0x0000000008006784       0x20 ./Drivers/STM32H7xx_HAL_Driver/Src/stm32h7xx_ll_usb.o
                0x0000000008006784                USB_ReadDevInEPInterrupt
 .text.USB_GetMode
                0x00000000080067a4        0x8 ./Drivers/STM32H7xx_HAL_Driver/Src/stm32h7xx_ll_usb.o
                0x00000000080067a4                USB_GetMode
 .text.USB_ActivateSetup
                0x00000000080067ac       0x2c ./Drivers/STM32H7xx_HAL_Driver/Src/stm32h7xx_ll_usb.o
                0x00000000080067ac                USB_ActivateSetup
 .text.USB_EP0_OutStart
                0x00000000080067d8       0x58 ./Drivers/STM32H7xx_HAL_Driver/Src/stm32h7xx_ll_usb.o
                0x00000000080067d8                USB_EP0_OutStart
 .text.MX_FATFS_Init
                0x0000000008006830       0x1c ./FATFS/App/fatfs.o
                0x0000000008006830                MX_FATFS_Init
 .text.USER_initialize
                0x000000000800684c       0x10 ./FATFS/Target/user_diskio.o
                0x000000000800684c                USER_initialize
 .text.USER_status
                0x000000000800685c        0xc ./FATFS/Target/user_diskio.o
                0x000000000800685c                USER_status
 .text.USER_ioctl
                0x0000000008006868       0x1c ./FATFS/Target/user_diskio.o
                0x0000000008006868                USER_ioctl
 .text.USER_read
                0x0000000008006884       0x34 ./FATFS/Target/user_diskio.o
                0x0000000008006884                USER_read
 .text.USER_write
                0x00000000080068b8       0x34 ./FATFS/Target/user_diskio.o
                0x00000000080068b8                USER_write
 .text.Init     0x00000000080068ec      0x434 ./LCD/Src/lcd.o
                0x00000000080068ec                Init
 .text.LcdInit  0x0000000008006d20       0xb8 ./LCD/Src/lcd.o
                0x0000000008006d20                LcdInit
 .text.USBD_MSC_GetDeviceQualifierDescriptor
                0x0000000008006dd8       0x10 ./Middlewares/ST/STM32_USB_Device_Library/Class/MSC/Src/usbd_msc.o
                0x0000000008006dd8                USBD_MSC_GetDeviceQualifierDescriptor
 .text.USBD_MSC_Init
                0x0000000008006de8       0xa0 ./Middlewares/ST/STM32_USB_Device_Library/Class/MSC/Src/usbd_msc.o
                0x0000000008006de8                USBD_MSC_Init
 .text.USBD_MSC_Setup
                0x0000000008006e88      0x12c ./Middlewares/ST/STM32_USB_Device_Library/Class/MSC/Src/usbd_msc.o
                0x0000000008006e88                USBD_MSC_Setup
 .text.USBD_MSC_DataIn
                0x0000000008006fb4        0xc ./Middlewares/ST/STM32_USB_Device_Library/Class/MSC/Src/usbd_msc.o
                0x0000000008006fb4                USBD_MSC_DataIn
 .text.USBD_MSC_DataOut
                0x0000000008006fc0        0xc ./Middlewares/ST/STM32_USB_Device_Library/Class/MSC/Src/usbd_msc.o
                0x0000000008006fc0                USBD_MSC_DataOut
 .text.USBD_MSC_GetHSCfgDesc
                0x0000000008006fcc       0x38 ./Middlewares/ST/STM32_USB_Device_Library/Class/MSC/Src/usbd_msc.o
                0x0000000008006fcc                USBD_MSC_GetHSCfgDesc
 .text.USBD_MSC_GetFSCfgDesc
                0x0000000008007004       0x38 ./Middlewares/ST/STM32_USB_Device_Library/Class/MSC/Src/usbd_msc.o
                0x0000000008007004                USBD_MSC_GetFSCfgDesc
 .text.USBD_MSC_DeInit
                0x000000000800703c       0x74 ./Middlewares/ST/STM32_USB_Device_Library/Class/MSC/Src/usbd_msc.o
                0x000000000800703c                USBD_MSC_DeInit
 .text.USBD_MSC_GetOtherSpeedCfgDesc
                0x00000000080070b0       0x38 ./Middlewares/ST/STM32_USB_Device_Library/Class/MSC/Src/usbd_msc.o
                0x00000000080070b0                USBD_MSC_GetOtherSpeedCfgDesc
 .text.USBD_MSC_RegisterStorage
                0x00000000080070e8       0x18 ./Middlewares/ST/STM32_USB_Device_Library/Class/MSC/Src/usbd_msc.o
                0x00000000080070e8                USBD_MSC_RegisterStorage
 .text.MSC_BOT_Abort
                0x0000000008007100       0x5c ./Middlewares/ST/STM32_USB_Device_Library/Class/MSC/Src/usbd_msc_bot.o
 .text.MSC_BOT_Init
                0x000000000800715c       0x5c ./Middlewares/ST/STM32_USB_Device_Library/Class/MSC/Src/usbd_msc_bot.o
                0x000000000800715c                MSC_BOT_Init
 .text.MSC_BOT_Reset
                0x00000000080071b8       0x48 ./Middlewares/ST/STM32_USB_Device_Library/Class/MSC/Src/usbd_msc_bot.o
                0x00000000080071b8                MSC_BOT_Reset
 .text.MSC_BOT_DeInit
                0x0000000008007200       0x14 ./Middlewares/ST/STM32_USB_Device_Library/Class/MSC/Src/usbd_msc_bot.o
                0x0000000008007200                MSC_BOT_DeInit
 .text.MSC_BOT_DataIn
                0x0000000008007214       0xa4 ./Middlewares/ST/STM32_USB_Device_Library/Class/MSC/Src/usbd_msc_bot.o
                0x0000000008007214                MSC_BOT_DataIn
 .text.MSC_BOT_SendCSW
                0x00000000080072b8       0x54 ./Middlewares/ST/STM32_USB_Device_Library/Class/MSC/Src/usbd_msc_bot.o
                0x00000000080072b8                MSC_BOT_SendCSW
 .text.MSC_BOT_DataOut
                0x000000000800730c      0x148 ./Middlewares/ST/STM32_USB_Device_Library/Class/MSC/Src/usbd_msc_bot.o
                0x000000000800730c                MSC_BOT_DataOut
 .text.MSC_BOT_CplClrFeature
                0x0000000008007454       0x7c ./Middlewares/ST/STM32_USB_Device_Library/Class/MSC/Src/usbd_msc_bot.o
                0x0000000008007454                MSC_BOT_CplClrFeature
 .text.SCSI_ProcessRead
                0x00000000080074d0       0xcc ./Middlewares/ST/STM32_USB_Device_Library/Class/MSC/Src/usbd_msc_scsi.o
 .text.SCSI_ProcessWrite
                0x000000000800759c       0xdc ./Middlewares/ST/STM32_USB_Device_Library/Class/MSC/Src/usbd_msc_scsi.o
 .text.SCSI_ProcessCmd
                0x0000000008007678      0xbd4 ./Middlewares/ST/STM32_USB_Device_Library/Class/MSC/Src/usbd_msc_scsi.o
                0x0000000008007678                SCSI_ProcessCmd
 .text.SCSI_SenseCode
                0x000000000800824c       0x40 ./Middlewares/ST/STM32_USB_Device_Library/Class/MSC/Src/usbd_msc_scsi.o
                0x000000000800824c                SCSI_SenseCode
 .text.USBD_Init
                0x000000000800828c       0x28 ./Middlewares/ST/STM32_USB_Device_Library/Core/Src/usbd_core.o
                0x000000000800828c                USBD_Init
 .text.USBD_RegisterClass
                0x00000000080082b4       0x38 ./Middlewares/ST/STM32_USB_Device_Library/Core/Src/usbd_core.o
                0x00000000080082b4                USBD_RegisterClass
 .text.USBD_Start
                0x00000000080082ec        0x4 ./Middlewares/ST/STM32_USB_Device_Library/Core/Src/usbd_core.o
                0x00000000080082ec                USBD_Start
 .text.USBD_SetClassConfig
                0x00000000080082f0       0x10 ./Middlewares/ST/STM32_USB_Device_Library/Core/Src/usbd_core.o
                0x00000000080082f0                USBD_SetClassConfig
 .text.USBD_ClrClassConfig
                0x0000000008008300       0x14 ./Middlewares/ST/STM32_USB_Device_Library/Core/Src/usbd_core.o
                0x0000000008008300                USBD_ClrClassConfig
 .text.USBD_LL_SetupStage
                0x0000000008008314       0x60 ./Middlewares/ST/STM32_USB_Device_Library/Core/Src/usbd_core.o
                0x0000000008008314                USBD_LL_SetupStage
 .text.USBD_LL_DataOutStage
                0x0000000008008374       0x74 ./Middlewares/ST/STM32_USB_Device_Library/Core/Src/usbd_core.o
                0x0000000008008374                USBD_LL_DataOutStage
 .text.USBD_LL_DataInStage
                0x00000000080083e8       0xc0 ./Middlewares/ST/STM32_USB_Device_Library/Core/Src/usbd_core.o
                0x00000000080083e8                USBD_LL_DataInStage
 .text.USBD_LL_Reset
                0x00000000080084a8       0x5c ./Middlewares/ST/STM32_USB_Device_Library/Core/Src/usbd_core.o
                0x00000000080084a8                USBD_LL_Reset
 .text.USBD_LL_SetSpeed
                0x0000000008008504        0x8 ./Middlewares/ST/STM32_USB_Device_Library/Core/Src/usbd_core.o
                0x0000000008008504                USBD_LL_SetSpeed
 .text.USBD_LL_Suspend
                0x000000000800850c       0x18 ./Middlewares/ST/STM32_USB_Device_Library/Core/Src/usbd_core.o
                0x000000000800850c                USBD_LL_Suspend
 .text.USBD_LL_Resume
                0x0000000008008524       0x18 ./Middlewares/ST/STM32_USB_Device_Library/Core/Src/usbd_core.o
                0x0000000008008524                USBD_LL_Resume
 .text.USBD_LL_SOF
                0x000000000800853c       0x20 ./Middlewares/ST/STM32_USB_Device_Library/Core/Src/usbd_core.o
                0x000000000800853c                USBD_LL_SOF
 .text.USBD_LL_IsoINIncomplete
                0x000000000800855c       0x2c ./Middlewares/ST/STM32_USB_Device_Library/Core/Src/usbd_core.o
                0x000000000800855c                USBD_LL_IsoINIncomplete
 .text.USBD_LL_IsoOUTIncomplete
                0x0000000008008588       0x2c ./Middlewares/ST/STM32_USB_Device_Library/Core/Src/usbd_core.o
                0x0000000008008588                USBD_LL_IsoOUTIncomplete
 .text.USBD_LL_DevConnected
                0x00000000080085b4        0x4 ./Middlewares/ST/STM32_USB_Device_Library/Core/Src/usbd_core.o
                0x00000000080085b4                USBD_LL_DevConnected
 .text.USBD_LL_DevDisconnected
                0x00000000080085b8       0x24 ./Middlewares/ST/STM32_USB_Device_Library/Core/Src/usbd_core.o
                0x00000000080085b8                USBD_LL_DevDisconnected
 .text.USBD_CoreFindIF
                0x00000000080085dc        0x4 ./Middlewares/ST/STM32_USB_Device_Library/Core/Src/usbd_core.o
                0x00000000080085dc                USBD_CoreFindIF
 .text.USBD_CoreFindEP
                0x00000000080085e0        0x4 ./Middlewares/ST/STM32_USB_Device_Library/Core/Src/usbd_core.o
                0x00000000080085e0                USBD_CoreFindEP
 .text.USBD_GetEpDesc
                0x00000000080085e4       0x2c ./Middlewares/ST/STM32_USB_Device_Library/Core/Src/usbd_core.o
                0x00000000080085e4                USBD_GetEpDesc
 .text.USBD_StdDevReq
                0x0000000008008610      0x360 ./Middlewares/ST/STM32_USB_Device_Library/Core/Src/usbd_ctlreq.o
                0x0000000008008610                USBD_StdDevReq
 .text.USBD_StdItfReq
                0x0000000008008970       0x84 ./Middlewares/ST/STM32_USB_Device_Library/Core/Src/usbd_ctlreq.o
                0x0000000008008970                USBD_StdItfReq
 .text.USBD_StdEPReq
                0x00000000080089f4      0x160 ./Middlewares/ST/STM32_USB_Device_Library/Core/Src/usbd_ctlreq.o
                0x00000000080089f4                USBD_StdEPReq
 .text.USBD_ParseSetupRequest
                0x0000000008008b54       0x18 ./Middlewares/ST/STM32_USB_Device_Library/Core/Src/usbd_ctlreq.o
                0x0000000008008b54                USBD_ParseSetupRequest
 .text.USBD_CtlError
                0x0000000008008b6c       0x18 ./Middlewares/ST/STM32_USB_Device_Library/Core/Src/usbd_ctlreq.o
                0x0000000008008b6c                USBD_CtlError
 .text.USBD_GetString
                0x0000000008008b84       0x54 ./Middlewares/ST/STM32_USB_Device_Library/Core/Src/usbd_ctlreq.o
                0x0000000008008b84                USBD_GetString
 .text.USBD_CtlSendData
                0x0000000008008bd8       0x1c ./Middlewares/ST/STM32_USB_Device_Library/Core/Src/usbd_ioreq.o
                0x0000000008008bd8                USBD_CtlSendData
 .text.USBD_CtlContinueSendData
                0x0000000008008bf4       0x14 ./Middlewares/ST/STM32_USB_Device_Library/Core/Src/usbd_ioreq.o
                0x0000000008008bf4                USBD_CtlContinueSendData
 .text.USBD_CtlContinueRx
                0x0000000008008c08       0x14 ./Middlewares/ST/STM32_USB_Device_Library/Core/Src/usbd_ioreq.o
                0x0000000008008c08                USBD_CtlContinueRx
 .text.USBD_CtlSendStatus
                0x0000000008008c1c       0x18 ./Middlewares/ST/STM32_USB_Device_Library/Core/Src/usbd_ioreq.o
                0x0000000008008c1c                USBD_CtlSendStatus
 .text.USBD_CtlReceiveStatus
                0x0000000008008c34       0x18 ./Middlewares/ST/STM32_USB_Device_Library/Core/Src/usbd_ioreq.o
                0x0000000008008c34                USBD_CtlReceiveStatus
 .text.disk_status
                0x0000000008008c4c       0x14 ./Middlewares/Third_Party/FatFs/src/diskio.o
                0x0000000008008c4c                disk_status
 .text.disk_initialize
                0x0000000008008c60       0x24 ./Middlewares/Third_Party/FatFs/src/diskio.o
                0x0000000008008c60                disk_initialize
 .text.disk_read
                0x0000000008008c84       0x1c ./Middlewares/Third_Party/FatFs/src/diskio.o
                0x0000000008008c84                disk_read
 .text.check_fs
                0x0000000008008ca0       0xe4 ./Middlewares/Third_Party/FatFs/src/ff.o
 .text.find_volume.constprop.0
                0x0000000008008d84      0x350 ./Middlewares/Third_Party/FatFs/src/ff.o
 .text.get_fat  0x00000000080090d4      0x184 ./Middlewares/Third_Party/FatFs/src/ff.o
 .text.dir_next.constprop.0
                0x0000000008009258       0x94 ./Middlewares/Third_Party/FatFs/src/ff.o
 .text.dir_read.constprop.0
                0x00000000080092ec      0x62c ./Middlewares/Third_Party/FatFs/src/ff.o
 .text.dir_sdi.constprop.0
                0x0000000008009918      0x234 ./Middlewares/Third_Party/FatFs/src/ff.o
 .text.follow_path
                0x0000000008009b4c      0x690 ./Middlewares/Third_Party/FatFs/src/ff.o
 .text.f_mount  0x000000000800a1dc       0xa8 ./Middlewares/Third_Party/FatFs/src/ff.o
                0x000000000800a1dc                f_mount
 .text.f_open   0x000000000800a284      0x134 ./Middlewares/Third_Party/FatFs/src/ff.o
                0x000000000800a284                f_open
 .text.f_read   0x000000000800a3b8      0x298 ./Middlewares/Third_Party/FatFs/src/ff.o
                0x000000000800a3b8                f_read
 .text.f_close  0x000000000800a650       0x58 ./Middlewares/Third_Party/FatFs/src/ff.o
                0x000000000800a650                f_close
 .text.f_lseek  0x000000000800a6a8      0x548 ./Middlewares/Third_Party/FatFs/src/ff.o
                0x000000000800a6a8                f_lseek
 .text.f_opendir
                0x000000000800abf0      0x124 ./Middlewares/Third_Party/FatFs/src/ff.o
                0x000000000800abf0                f_opendir
 .text.f_closedir
                0x000000000800ad14       0x58 ./Middlewares/Third_Party/FatFs/src/ff.o
                0x000000000800ad14                f_closedir
 .text.f_readdir
                0x000000000800ad6c      0x25c ./Middlewares/Third_Party/FatFs/src/ff.o
                0x000000000800ad6c                f_readdir
 .text.FATFS_LinkDriver
                0x000000000800afc8       0x48 ./Middlewares/Third_Party/FatFs/src/ff_gen_drv.o
                0x000000000800afc8                FATFS_LinkDriver
 .text.ff_convert
                0x000000000800b010       0x3c ./Middlewares/Third_Party/FatFs/src/option/ccsbcs.o
                0x000000000800b010                ff_convert
 .text.ff_wtoupper
                0x000000000800b04c       0x94 ./Middlewares/Third_Party/FatFs/src/option/ccsbcs.o
                0x000000000800b04c                ff_wtoupper
 .text.ff_cre_syncobj
                0x000000000800b0e0       0x18 ./Middlewares/Third_Party/FatFs/src/option/syscall.o
                0x000000000800b0e0                ff_cre_syncobj
 .text.ff_del_syncobj
                0x000000000800b0f8        0xc ./Middlewares/Third_Party/FatFs/src/option/syscall.o
                0x000000000800b0f8                ff_del_syncobj
 .text.ff_req_grant
                0x000000000800b104       0x14 ./Middlewares/Third_Party/FatFs/src/option/syscall.o
                0x000000000800b104                ff_req_grant
 .text.ff_rel_grant
                0x000000000800b118        0x4 ./Middlewares/Third_Party/FatFs/src/option/syscall.o
                0x000000000800b118                ff_rel_grant
 .text.ff_memalloc
                0x000000000800b11c        0x4 ./Middlewares/Third_Party/FatFs/src/option/syscall.o
                0x000000000800b11c                ff_memalloc
 .text.ff_memfree
                0x000000000800b120        0x4 ./Middlewares/Third_Party/FatFs/src/option/syscall.o
                0x000000000800b120                ff_memfree
 .text.SysTick_Handler
                0x000000000800b124       0x1c ./Middlewares/Third_Party/FreeRTOS/Source/CMSIS_RTOS_V2/cmsis_os2.o
                0x000000000800b124                SysTick_Handler
 .text.osKernelInitialize
                0x000000000800b140       0x24 ./Middlewares/Third_Party/FreeRTOS/Source/CMSIS_RTOS_V2/cmsis_os2.o
                0x000000000800b140                osKernelInitialize
 .text.osKernelStart
                0x000000000800b164       0x34 ./Middlewares/Third_Party/FreeRTOS/Source/CMSIS_RTOS_V2/cmsis_os2.o
                0x000000000800b164                osKernelStart
 .text.osThreadNew
                0x000000000800b198       0x94 ./Middlewares/Third_Party/FreeRTOS/Source/CMSIS_RTOS_V2/cmsis_os2.o
                0x000000000800b198                osThreadNew
 .text.osDelay  0x000000000800b22c       0x1c ./Middlewares/Third_Party/FreeRTOS/Source/CMSIS_RTOS_V2/cmsis_os2.o
                0x000000000800b22c                osDelay
 .text.osSemaphoreNew
                0x000000000800b248       0xa0 ./Middlewares/Third_Party/FreeRTOS/Source/CMSIS_RTOS_V2/cmsis_os2.o
                0x000000000800b248                osSemaphoreNew
 .text.osSemaphoreAcquire
                0x000000000800b2e8       0x68 ./Middlewares/Third_Party/FreeRTOS/Source/CMSIS_RTOS_V2/cmsis_os2.o
                0x000000000800b2e8                osSemaphoreAcquire
 .text.osSemaphoreRelease
                0x000000000800b350       0x58 ./Middlewares/Third_Party/FreeRTOS/Source/CMSIS_RTOS_V2/cmsis_os2.o
                0x000000000800b350                osSemaphoreRelease
 .text.osSemaphoreDelete
                0x000000000800b3a8       0x28 ./Middlewares/Third_Party/FreeRTOS/Source/CMSIS_RTOS_V2/cmsis_os2.o
                0x000000000800b3a8                osSemaphoreDelete
 .text.vApplicationGetIdleTaskMemory
                0x000000000800b3d0       0x20 ./Middlewares/Third_Party/FreeRTOS/Source/CMSIS_RTOS_V2/cmsis_os2.o
                0x000000000800b3d0                vApplicationGetIdleTaskMemory
 .text.vApplicationGetTimerTaskMemory
                0x000000000800b3f0       0x20 ./Middlewares/Third_Party/FreeRTOS/Source/CMSIS_RTOS_V2/cmsis_os2.o
                0x000000000800b3f0                vApplicationGetTimerTaskMemory
 .text.vListInitialise
                0x000000000800b410       0x18 ./Middlewares/Third_Party/FreeRTOS/Source/list.o
                0x000000000800b410                vListInitialise
 .text.vListInitialiseItem
                0x000000000800b428        0x8 ./Middlewares/Third_Party/FreeRTOS/Source/list.o
                0x000000000800b428                vListInitialiseItem
 .text.vListInsertEnd
                0x000000000800b430       0x20 ./Middlewares/Third_Party/FreeRTOS/Source/list.o
                0x000000000800b430                vListInsertEnd
 .text.vListInsert
                0x000000000800b450       0x30 ./Middlewares/Third_Party/FreeRTOS/Source/list.o
                0x000000000800b450                vListInsert
 .text.uxListRemove
                0x000000000800b480       0x28 ./Middlewares/Third_Party/FreeRTOS/Source/list.o
                0x000000000800b480                uxListRemove
 .text.prvCopyDataToQueue
                0x000000000800b4a8       0x84 ./Middlewares/Third_Party/FreeRTOS/Source/queue.o
 .text.xQueueGenericCreateStatic
                0x000000000800b52c       0xd8 ./Middlewares/Third_Party/FreeRTOS/Source/queue.o
                0x000000000800b52c                xQueueGenericCreateStatic
 .text.xQueueGenericCreate
                0x000000000800b604       0x84 ./Middlewares/Third_Party/FreeRTOS/Source/queue.o
                0x000000000800b604                xQueueGenericCreate
 .text.xQueueCreateCountingSemaphoreStatic
                0x000000000800b688       0xc4 ./Middlewares/Third_Party/FreeRTOS/Source/queue.o
                0x000000000800b688                xQueueCreateCountingSemaphoreStatic
 .text.xQueueCreateCountingSemaphore
                0x000000000800b74c       0x8c ./Middlewares/Third_Party/FreeRTOS/Source/queue.o
                0x000000000800b74c                xQueueCreateCountingSemaphore
 .text.xQueueGenericSend
                0x000000000800b7d8      0x304 ./Middlewares/Third_Party/FreeRTOS/Source/queue.o
                0x000000000800b7d8                xQueueGenericSend
 .text.xQueueGiveFromISR
                0x000000000800badc       0xb0 ./Middlewares/Third_Party/FreeRTOS/Source/queue.o
                0x000000000800badc                xQueueGiveFromISR
 .text.xQueueReceive
                0x000000000800bb8c      0x304 ./Middlewares/Third_Party/FreeRTOS/Source/queue.o
                0x000000000800bb8c                xQueueReceive
 .text.xQueueSemaphoreTake
                0x000000000800be90      0x310 ./Middlewares/Third_Party/FreeRTOS/Source/queue.o
                0x000000000800be90                xQueueSemaphoreTake
 .text.xQueueReceiveFromISR
                0x000000000800c1a0       0xc0 ./Middlewares/Third_Party/FreeRTOS/Source/queue.o
                0x000000000800c1a0                xQueueReceiveFromISR
 .text.vQueueDelete
                0x000000000800c260       0x54 ./Middlewares/Third_Party/FreeRTOS/Source/queue.o
                0x000000000800c260                vQueueDelete
 .text.vQueueAddToRegistry
                0x000000000800c2b4       0x2c ./Middlewares/Third_Party/FreeRTOS/Source/queue.o
                0x000000000800c2b4                vQueueAddToRegistry
 .text.vQueueUnregisterQueue
                0x000000000800c2e0       0x2c ./Middlewares/Third_Party/FreeRTOS/Source/queue.o
                0x000000000800c2e0                vQueueUnregisterQueue
 .text.vQueueWaitForMessageRestricted
                0x000000000800c30c       0xc8 ./Middlewares/Third_Party/FreeRTOS/Source/queue.o
                0x000000000800c30c                vQueueWaitForMessageRestricted
 .text.prvAddNewTaskToReadyList
                0x000000000800c3d4      0x110 ./Middlewares/Third_Party/FreeRTOS/Source/tasks.o
 .text.prvInitialiseNewTask.constprop.0
                0x000000000800c4e4      0x158 ./Middlewares/Third_Party/FreeRTOS/Source/tasks.o
 .text.prvIdleTask
                0x000000000800c63c       0xa0 ./Middlewares/Third_Party/FreeRTOS/Source/tasks.o
 .text.xTaskIncrementTick.part.0
                0x000000000800c6dc      0x150 ./Middlewares/Third_Party/FreeRTOS/Source/tasks.o
 .text.xTaskResumeAll.part.0
                0x000000000800c82c      0x134 ./Middlewares/Third_Party/FreeRTOS/Source/tasks.o
 .text.xTaskCreateStatic
                0x000000000800c960       0x74 ./Middlewares/Third_Party/FreeRTOS/Source/tasks.o
                0x000000000800c960                xTaskCreateStatic
 .text.xTaskCreate
                0x000000000800c9d4       0x64 ./Middlewares/Third_Party/FreeRTOS/Source/tasks.o
                0x000000000800c9d4                xTaskCreate
 .text.vTaskDelay
                0x000000000800ca38       0xac ./Middlewares/Third_Party/FreeRTOS/Source/tasks.o
                0x000000000800ca38                vTaskDelay
 .text.vTaskStartScheduler
                0x000000000800cae4       0xf8 ./Middlewares/Third_Party/FreeRTOS/Source/tasks.o
                0x000000000800cae4                vTaskStartScheduler
 .text.vTaskSuspendAll
                0x000000000800cbdc       0x10 ./Middlewares/Third_Party/FreeRTOS/Source/tasks.o
                0x000000000800cbdc                vTaskSuspendAll
 .text.xTaskResumeAll
                0x000000000800cbec       0x20 ./Middlewares/Third_Party/FreeRTOS/Source/tasks.o
                0x000000000800cbec                xTaskResumeAll
 .text.xTaskGetTickCount
                0x000000000800cc0c        0xc ./Middlewares/Third_Party/FreeRTOS/Source/tasks.o
                0x000000000800cc0c                xTaskGetTickCount
 .text.xTaskIncrementTick
                0x000000000800cc18       0x20 ./Middlewares/Third_Party/FreeRTOS/Source/tasks.o
                0x000000000800cc18                xTaskIncrementTick
 .text.vTaskSwitchContext
                0x000000000800cc38       0x94 ./Middlewares/Third_Party/FreeRTOS/Source/tasks.o
                0x000000000800cc38                vTaskSwitchContext
 .text.vTaskPlaceOnEventList
                0x000000000800cccc       0x88 ./Middlewares/Third_Party/FreeRTOS/Source/tasks.o
                0x000000000800cccc                vTaskPlaceOnEventList
 .text.vTaskPlaceOnEventListRestricted
                0x000000000800cd54       0x94 ./Middlewares/Third_Party/FreeRTOS/Source/tasks.o
                0x000000000800cd54                vTaskPlaceOnEventListRestricted
 .text.xTaskRemoveFromEventList
                0x000000000800cde8       0x94 ./Middlewares/Third_Party/FreeRTOS/Source/tasks.o
                0x000000000800cde8                xTaskRemoveFromEventList
 .text.vTaskInternalSetTimeOutState
                0x000000000800ce7c       0x18 ./Middlewares/Third_Party/FreeRTOS/Source/tasks.o
                0x000000000800ce7c                vTaskInternalSetTimeOutState
 .text.xTaskCheckForTimeOut
                0x000000000800ce94       0x90 ./Middlewares/Third_Party/FreeRTOS/Source/tasks.o
                0x000000000800ce94                xTaskCheckForTimeOut
 .text.vTaskMissedYield
                0x000000000800cf24        0xc ./Middlewares/Third_Party/FreeRTOS/Source/tasks.o
                0x000000000800cf24                vTaskMissedYield
 .text.xTaskGetSchedulerState
                0x000000000800cf30       0x20 ./Middlewares/Third_Party/FreeRTOS/Source/tasks.o
                0x000000000800cf30                xTaskGetSchedulerState
 .text.xTaskPriorityInherit
                0x000000000800cf50       0x8c ./Middlewares/Third_Party/FreeRTOS/Source/tasks.o
                0x000000000800cf50                xTaskPriorityInherit
 .text.xTaskPriorityDisinherit
                0x000000000800cfdc       0x8c ./Middlewares/Third_Party/FreeRTOS/Source/tasks.o
                0x000000000800cfdc                xTaskPriorityDisinherit
 .text.vTaskPriorityDisinheritAfterTimeout
                0x000000000800d068       0xa8 ./Middlewares/Third_Party/FreeRTOS/Source/tasks.o
                0x000000000800d068                vTaskPriorityDisinheritAfterTimeout
 .text.pvTaskIncrementMutexHeldCount
                0x000000000800d110       0x18 ./Middlewares/Third_Party/FreeRTOS/Source/tasks.o
                0x000000000800d110                pvTaskIncrementMutexHeldCount
 .text.prvSwitchTimerLists
                0x000000000800d128       0x9c ./Middlewares/Third_Party/FreeRTOS/Source/timers.o
 .text.prvTimerTask
                0x000000000800d1c4      0x294 ./Middlewares/Third_Party/FreeRTOS/Source/timers.o
 .text.xTimerCreateTimerTask
                0x000000000800d458       0xbc ./Middlewares/Third_Party/FreeRTOS/Source/timers.o
                0x000000000800d458                xTimerCreateTimerTask
 .text.prvPortStartFirstTask
                0x000000000800d514       0x28 ./Middlewares/Third_Party/FreeRTOS/Source/portable/GCC/ARM_CM4F/port.o
 .text.vPortEnableVFP
                0x000000000800d53c       0x14 ./Middlewares/Third_Party/FreeRTOS/Source/portable/GCC/ARM_CM4F/port.o
 .text.prvTaskExitError
                0x000000000800d550       0x40 ./Middlewares/Third_Party/FreeRTOS/Source/portable/GCC/ARM_CM4F/port.o
 .text.pxPortInitialiseStack
                0x000000000800d590       0x30 ./Middlewares/Third_Party/FreeRTOS/Source/portable/GCC/ARM_CM4F/port.o
                0x000000000800d590                pxPortInitialiseStack
 .text.SVC_Handler
                0x000000000800d5c0       0x24 ./Middlewares/Third_Party/FreeRTOS/Source/portable/GCC/ARM_CM4F/port.o
                0x000000000800d5c0                SVC_Handler
 .text.vPortEnterCritical
                0x000000000800d5e4       0x44 ./Middlewares/Third_Party/FreeRTOS/Source/portable/GCC/ARM_CM4F/port.o
                0x000000000800d5e4                vPortEnterCritical
 .text.vPortExitCritical
                0x000000000800d628       0x28 ./Middlewares/Third_Party/FreeRTOS/Source/portable/GCC/ARM_CM4F/port.o
                0x000000000800d628                vPortExitCritical
 .text.PendSV_Handler
                0x000000000800d650       0x64 ./Middlewares/Third_Party/FreeRTOS/Source/portable/GCC/ARM_CM4F/port.o
                0x000000000800d650                PendSV_Handler
 .text.xPortSysTickHandler
                0x000000000800d6b4       0x2c ./Middlewares/Third_Party/FreeRTOS/Source/portable/GCC/ARM_CM4F/port.o
                0x000000000800d6b4                xPortSysTickHandler
 .text.vPortSetupTimerInterrupt
                0x000000000800d6e0       0x28 ./Middlewares/Third_Party/FreeRTOS/Source/portable/GCC/ARM_CM4F/port.o
                0x000000000800d6e0                vPortSetupTimerInterrupt
 .text.xPortStartScheduler
                0x000000000800d708      0x140 ./Middlewares/Third_Party/FreeRTOS/Source/portable/GCC/ARM_CM4F/port.o
                0x000000000800d708                xPortStartScheduler
 .text.vPortValidateInterruptPriority
                0x000000000800d848       0x5c ./Middlewares/Third_Party/FreeRTOS/Source/portable/GCC/ARM_CM4F/port.o
                0x000000000800d848                vPortValidateInterruptPriority
 .text.pvPortMalloc
                0x000000000800d8a4      0x178 ./Middlewares/Third_Party/FreeRTOS/Source/portable/MemMang/heap_4.o
                0x000000000800d8a4                pvPortMalloc
 .text.vPortFree
                0x000000000800da1c       0xc4 ./Middlewares/Third_Party/FreeRTOS/Source/portable/MemMang/heap_4.o
                0x000000000800da1c                vPortFree
 .text.BUS_cpuRead
                0x000000000800dae0       0x5c ./NES/Src/BUS.o
                0x000000000800dae0                BUS_cpuRead
 .text.BUS_cpuWrite
                0x000000000800db3c       0xb0 ./NES/Src/BUS.o
                0x000000000800db3c                BUS_cpuWrite
 .text.BUS_dma_clock
                0x000000000800dbec       0xa0 ./NES/Src/BUS.o
                0x000000000800dbec                BUS_dma_clock
 .text.IMP      0x000000000800dc8c       0x14 ./NES/Src/CPU.o
                0x000000000800dc8c                IMP
 .text.IMM      0x000000000800dca0       0x20 ./NES/Src/CPU.o
                0x000000000800dca0                IMM
 .text.JMP      0x000000000800dcc0       0x14 ./NES/Src/CPU.o
                0x000000000800dcc0                JMP
 .text.NOP      0x000000000800dcd4        0x4 ./NES/Src/CPU.o
                0x000000000800dcd4                NOP
 .text.SEC      0x000000000800dcd8       0x14 ./NES/Src/CPU.o
                0x000000000800dcd8                SEC
 .text.SED      0x000000000800dcec       0x14 ./NES/Src/CPU.o
                0x000000000800dcec                SED
 .text.SEI      0x000000000800dd00       0x14 ./NES/Src/CPU.o
                0x000000000800dd00                SEI
 .text.TXS      0x000000000800dd14       0x14 ./NES/Src/CPU.o
                0x000000000800dd14                TXS
 .text.ZP0      0x000000000800dd28       0x24 ./NES/Src/CPU.o
                0x000000000800dd28                ZP0
 .text.ZPX      0x000000000800dd4c       0x2c ./NES/Src/CPU.o
                0x000000000800dd4c                ZPX
 .text.ZPY      0x000000000800dd78       0x2c ./NES/Src/CPU.o
                0x000000000800dd78                ZPY
 .text.REL      0x000000000800dda4       0x24 ./NES/Src/CPU.o
                0x000000000800dda4                REL
 .text.ABS      0x000000000800ddc8       0x34 ./NES/Src/CPU.o
                0x000000000800ddc8                ABS
 .text.ABX      0x000000000800ddfc       0x3c ./NES/Src/CPU.o
                0x000000000800ddfc                ABX
 .text.ABY      0x000000000800de38       0x3c ./NES/Src/CPU.o
                0x000000000800de38                ABY
 .text.IND      0x000000000800de74       0x58 ./NES/Src/CPU.o
                0x000000000800de74                IND
 .text.IZX      0x000000000800decc       0x48 ./NES/Src/CPU.o
                0x000000000800decc                IZX
 .text.IZY      0x000000000800df14       0x44 ./NES/Src/CPU.o
                0x000000000800df14                IZY
 .text.RTS      0x000000000800df58       0x40 ./NES/Src/CPU.o
                0x000000000800df58                RTS
 .text.PLP      0x000000000800df98       0x2c ./NES/Src/CPU.o
                0x000000000800df98                PLP
 .text.RTI      0x000000000800dfc4       0x5c ./NES/Src/CPU.o
                0x000000000800dfc4                RTI
 .text.JSR      0x000000000800e020       0x48 ./NES/Src/CPU.o
                0x000000000800e020                JSR
 .text.PHA      0x000000000800e068       0x24 ./NES/Src/CPU.o
                0x000000000800e068                PHA
 .text.STA      0x000000000800e08c       0x1c ./NES/Src/CPU.o
                0x000000000800e08c                STA
 .text.STX      0x000000000800e0a8       0x1c ./NES/Src/CPU.o
                0x000000000800e0a8                STX
 .text.STY      0x000000000800e0c4       0x1c ./NES/Src/CPU.o
                0x000000000800e0c4                STY
 .text.BMI      0x000000000800e0e0       0x50 ./NES/Src/CPU.o
                0x000000000800e0e0                BMI
 .text.BVS      0x000000000800e130       0x48 ./NES/Src/CPU.o
                0x000000000800e130                BVS
 .text.XXX      0x000000000800e178        0x4 ./NES/Src/CPU.o
                0x000000000800e178                XXX
 .text.CLD      0x000000000800e17c       0x14 ./NES/Src/CPU.o
                0x000000000800e17c                CLD
 .text.CLI      0x000000000800e190       0x14 ./NES/Src/CPU.o
                0x000000000800e190                CLI
 .text.CLV      0x000000000800e1a4       0x14 ./NES/Src/CPU.o
                0x000000000800e1a4                CLV
 .text.PHP      0x000000000800e1b8       0x30 ./NES/Src/CPU.o
                0x000000000800e1b8                PHP
 .text.BRK      0x000000000800e1e8       0x88 ./NES/Src/CPU.o
                0x000000000800e1e8                BRK
 .text.CLC      0x000000000800e270       0x14 ./NES/Src/CPU.o
                0x000000000800e270                CLC
 .text.BVC      0x000000000800e284       0x48 ./NES/Src/CPU.o
                0x000000000800e284                BVC
 .text.PLA      0x000000000800e2cc       0x4c ./NES/Src/CPU.o
                0x000000000800e2cc                PLA
 .text.TAY      0x000000000800e318       0x40 ./NES/Src/CPU.o
                0x000000000800e318                TAY
 .text.TYA      0x000000000800e358       0x40 ./NES/Src/CPU.o
                0x000000000800e358                TYA
 .text.TXA      0x000000000800e398       0x40 ./NES/Src/CPU.o
                0x000000000800e398                TXA
 .text.TAX      0x000000000800e3d8       0x40 ./NES/Src/CPU.o
                0x000000000800e3d8                TAX
 .text.TSX      0x000000000800e418       0x40 ./NES/Src/CPU.o
                0x000000000800e418                TSX
 .text.DEX      0x000000000800e458       0x3c ./NES/Src/CPU.o
                0x000000000800e458                DEX
 .text.INY      0x000000000800e494       0x3c ./NES/Src/CPU.o
                0x000000000800e494                INY
 .text.DEY      0x000000000800e4d0       0x3c ./NES/Src/CPU.o
                0x000000000800e4d0                DEY
 .text.INX      0x000000000800e50c       0x3c ./NES/Src/CPU.o
                0x000000000800e50c                INX
 .text.ADC      0x000000000800e548       0xac ./NES/Src/CPU.o
                0x000000000800e548                ADC
 .text.LDX      0x000000000800e5f4       0x74 ./NES/Src/CPU.o
                0x000000000800e5f4                LDX
 .text.LDY      0x000000000800e668       0x74 ./NES/Src/CPU.o
                0x000000000800e668                LDY
 .text.LDA      0x000000000800e6dc       0x74 ./NES/Src/CPU.o
                0x000000000800e6dc                LDA
 .text.AND      0x000000000800e750       0x78 ./NES/Src/CPU.o
                0x000000000800e750                AND
 .text.EOR      0x000000000800e7c8       0x80 ./NES/Src/CPU.o
                0x000000000800e7c8                EOR
 .text.ORA      0x000000000800e848       0x78 ./NES/Src/CPU.o
                0x000000000800e848                ORA
 .text.INC      0x000000000800e8c0       0x80 ./NES/Src/CPU.o
                0x000000000800e8c0                INC
 .text.DEC      0x000000000800e940       0x80 ./NES/Src/CPU.o
                0x000000000800e940                DEC
 .text.BIT      0x000000000800e9c0       0x7c ./NES/Src/CPU.o
                0x000000000800e9c0                BIT
 .text.CPY      0x000000000800ea3c       0x88 ./NES/Src/CPU.o
                0x000000000800ea3c                CPY
 .text.CMP      0x000000000800eac4       0x84 ./NES/Src/CPU.o
                0x000000000800eac4                CMP
 .text.CPX      0x000000000800eb48       0x88 ./NES/Src/CPU.o
                0x000000000800eb48                CPX
 .text.LSR      0x000000000800ebd0       0x98 ./NES/Src/CPU.o
                0x000000000800ebd0                LSR
 .text.BPL      0x000000000800ec68       0x50 ./NES/Src/CPU.o
                0x000000000800ec68                BPL
 .text.ROR      0x000000000800ecb8       0xa8 ./NES/Src/CPU.o
                0x000000000800ecb8                ROR
 .text.ASL      0x000000000800ed60       0x98 ./NES/Src/CPU.o
                0x000000000800ed60                ASL
 .text.ROL      0x000000000800edf8       0xac ./NES/Src/CPU.o
                0x000000000800edf8                ROL
 .text.BCS      0x000000000800eea4       0x50 ./NES/Src/CPU.o
                0x000000000800eea4                BCS
 .text.BCC      0x000000000800eef4       0x50 ./NES/Src/CPU.o
                0x000000000800eef4                BCC
 .text.BNE      0x000000000800ef44       0x50 ./NES/Src/CPU.o
                0x000000000800ef44                BNE
 .text.BEQ      0x000000000800ef94       0x50 ./NES/Src/CPU.o
                0x000000000800ef94                BEQ
 .text.SBC      0x000000000800efe4       0xa4 ./NES/Src/CPU.o
                0x000000000800efe4                SBC
 .text.CPU_reset
                0x000000000800f088       0x78 ./NES/Src/CPU.o
                0x000000000800f088                CPU_reset
 .text.CPU_NMI  0x000000000800f100       0x7c ./NES/Src/CPU.o
                0x000000000800f100                CPU_NMI
 .text.CPU_clock
                0x000000000800f17c       0x6c ./NES/Src/CPU.o
                0x000000000800f17c                CPU_clock
 .text.InitFlash
                0x000000000800f1e8       0x10 ./NES/Src/Catridge.o
                0x000000000800f1e8                InitFlash
 .text.LoadCartridge
                0x000000000800f1f8      0x148 ./NES/Src/Catridge.o
                0x000000000800f1f8                LoadCartridge
 .text.FindCartridges
                0x000000000800f340      0x18c ./NES/Src/Catridge.o
                0x000000000800f340                FindCartridges
 .text.LoadSelectedCatrirdge
                0x000000000800f4cc       0x20 ./NES/Src/Catridge.o
                0x000000000800f4cc                LoadSelectedCatrirdge
 .text.PPU_reset
                0x000000000800f4ec       0xa0 ./NES/Src/PPU.o
                0x000000000800f4ec                PPU_reset
 .text.updateShifters
                0x000000000800f58c      0x168 ./NES/Src/PPU.o
                0x000000000800f58c                updateShifters
 .text.render   0x000000000800f6f4      0x1b4 ./NES/Src/PPU.o
                0x000000000800f6f4                render
 .text.PPU_clock
                0x000000000800f8a8      0x664 ./NES/Src/PPU.o
                0x000000000800f8a8                PPU_clock
 .text.PPU_cpuRead
                0x000000000800ff0c       0xf0 ./NES/Src/PPU.o
                0x000000000800ff0c                PPU_cpuRead
 .text.PPU_cpuWrite
                0x000000000800fffc      0x178 ./NES/Src/PPU.o
                0x000000000800fffc                PPU_cpuWrite
 .text.MX_USB_DEVICE_Init
                0x0000000008010174       0x7c ./USB_DEVICE/App/usb_device.o
                0x0000000008010174                MX_USB_DEVICE_Init
 .text.USBD_FS_DeviceDescriptor
                0x00000000080101f0        0xc ./USB_DEVICE/App/usbd_desc.o
                0x00000000080101f0                USBD_FS_DeviceDescriptor
 .text.USBD_FS_LangIDStrDescriptor
                0x00000000080101fc        0xc ./USB_DEVICE/App/usbd_desc.o
                0x00000000080101fc                USBD_FS_LangIDStrDescriptor
 .text.USBD_FS_ManufacturerStrDescriptor
                0x0000000008010208       0x1c ./USB_DEVICE/App/usbd_desc.o
                0x0000000008010208                USBD_FS_ManufacturerStrDescriptor
 .text.USBD_FS_ProductStrDescriptor
                0x0000000008010224       0x1c ./USB_DEVICE/App/usbd_desc.o
                0x0000000008010224                USBD_FS_ProductStrDescriptor
 .text.USBD_FS_ConfigStrDescriptor
                0x0000000008010240       0x1c ./USB_DEVICE/App/usbd_desc.o
                0x0000000008010240                USBD_FS_ConfigStrDescriptor
 .text.USBD_FS_InterfaceStrDescriptor
                0x000000000801025c       0x1c ./USB_DEVICE/App/usbd_desc.o
                0x000000000801025c                USBD_FS_InterfaceStrDescriptor
 .text.USBD_FS_SerialStrDescriptor
                0x0000000008010278      0x124 ./USB_DEVICE/App/usbd_desc.o
                0x0000000008010278                USBD_FS_SerialStrDescriptor
 .text.STORAGE_Init_FS
                0x000000000801039c        0x4 ./USB_DEVICE/App/usbd_storage_if.o
 .text.STORAGE_GetCapacity_FS
                0x00000000080103a0       0x18 ./USB_DEVICE/App/usbd_storage_if.o
 .text.STORAGE_GetMaxLun_FS
                0x00000000080103b8        0x4 ./USB_DEVICE/App/usbd_storage_if.o
 .text.STORAGE_Write_FS
                0x00000000080103bc       0x34 ./USB_DEVICE/App/usbd_storage_if.o
 .text.STORAGE_Read_FS
                0x00000000080103f0       0x34 ./USB_DEVICE/App/usbd_storage_if.o
 .text.STORAGE_IsReady_FS
                0x0000000008010424        0x4 ./USB_DEVICE/App/usbd_storage_if.o
 .text.STORAGE_IsWriteProtected_FS
                0x0000000008010428        0x4 ./USB_DEVICE/App/usbd_storage_if.o
 *fill*         0x000000000801042c        0x4 
 .text.HAL_PCD_MspInit
                0x0000000008010430       0xbc ./USB_DEVICE/Target/usbd_conf.o
                0x0000000008010430                HAL_PCD_MspInit
 .text.HAL_PCD_SetupStageCallback
                0x00000000080104ec        0xc ./USB_DEVICE/Target/usbd_conf.o
                0x00000000080104ec                HAL_PCD_SetupStageCallback
 .text.HAL_PCD_DataOutStageCallback
                0x00000000080104f8       0x14 ./USB_DEVICE/Target/usbd_conf.o
                0x00000000080104f8                HAL_PCD_DataOutStageCallback
 .text.HAL_PCD_DataInStageCallback
                0x000000000801050c       0x14 ./USB_DEVICE/Target/usbd_conf.o
                0x000000000801050c                HAL_PCD_DataInStageCallback
 .text.HAL_PCD_SOFCallback
                0x0000000008010520        0x8 ./USB_DEVICE/Target/usbd_conf.o
                0x0000000008010520                HAL_PCD_SOFCallback
 .text.HAL_PCD_ResetCallback
                0x0000000008010528       0x2c ./USB_DEVICE/Target/usbd_conf.o
                0x0000000008010528                HAL_PCD_ResetCallback
 .text.HAL_PCD_SuspendCallback
                0x0000000008010554       0x30 ./USB_DEVICE/Target/usbd_conf.o
                0x0000000008010554                HAL_PCD_SuspendCallback
 .text.HAL_PCD_ResumeCallback
                0x0000000008010584        0x8 ./USB_DEVICE/Target/usbd_conf.o
                0x0000000008010584                HAL_PCD_ResumeCallback
 .text.HAL_PCD_ISOOUTIncompleteCallback
                0x000000000801058c        0x8 ./USB_DEVICE/Target/usbd_conf.o
                0x000000000801058c                HAL_PCD_ISOOUTIncompleteCallback
 .text.HAL_PCD_ISOINIncompleteCallback
                0x0000000008010594        0x8 ./USB_DEVICE/Target/usbd_conf.o
                0x0000000008010594                HAL_PCD_ISOINIncompleteCallback
 .text.HAL_PCD_ConnectCallback
                0x000000000801059c        0x8 ./USB_DEVICE/Target/usbd_conf.o
                0x000000000801059c                HAL_PCD_ConnectCallback
 .text.HAL_PCD_DisconnectCallback
                0x00000000080105a4        0x8 ./USB_DEVICE/Target/usbd_conf.o
                0x00000000080105a4                HAL_PCD_DisconnectCallback
 *fill*         0x00000000080105ac        0x4 
 .text.USBD_LL_Init
                0x00000000080105b0       0x80 ./USB_DEVICE/Target/usbd_conf.o
                0x00000000080105b0                USBD_LL_Init
 .text.USBD_LL_Start
                0x0000000008010630       0x1c ./USB_DEVICE/Target/usbd_conf.o
                0x0000000008010630                USBD_LL_Start
 .text.USBD_LL_OpenEP
                0x000000000801064c       0x24 ./USB_DEVICE/Target/usbd_conf.o
                0x000000000801064c                USBD_LL_OpenEP
 .text.USBD_LL_CloseEP
                0x0000000008010670       0x1c ./USB_DEVICE/Target/usbd_conf.o
                0x0000000008010670                USBD_LL_CloseEP
 .text.USBD_LL_FlushEP
                0x000000000801068c       0x1c ./USB_DEVICE/Target/usbd_conf.o
                0x000000000801068c                USBD_LL_FlushEP
 .text.USBD_LL_StallEP
                0x00000000080106a8       0x1c ./USB_DEVICE/Target/usbd_conf.o
                0x00000000080106a8                USBD_LL_StallEP
 .text.USBD_LL_ClearStallEP
                0x00000000080106c4       0x1c ./USB_DEVICE/Target/usbd_conf.o
                0x00000000080106c4                USBD_LL_ClearStallEP
 .text.USBD_LL_IsStallEP
                0x00000000080106e0       0x28 ./USB_DEVICE/Target/usbd_conf.o
                0x00000000080106e0                USBD_LL_IsStallEP
 .text.USBD_LL_SetUSBAddress
                0x0000000008010708       0x1c ./USB_DEVICE/Target/usbd_conf.o
                0x0000000008010708                USBD_LL_SetUSBAddress
 .text.USBD_LL_Transmit
                0x0000000008010724       0x1c ./USB_DEVICE/Target/usbd_conf.o
                0x0000000008010724                USBD_LL_Transmit
 .text.USBD_LL_PrepareReceive
                0x0000000008010740       0x1c ./USB_DEVICE/Target/usbd_conf.o
                0x0000000008010740                USBD_LL_PrepareReceive
 .text.USBD_LL_GetRxDataSize
                0x000000000801075c        0x8 ./USB_DEVICE/Target/usbd_conf.o
                0x000000000801075c                USBD_LL_GetRxDataSize
 .text.USBD_static_malloc
                0x0000000008010764        0x8 ./USB_DEVICE/Target/usbd_conf.o
                0x0000000008010764                USBD_static_malloc
 .text.USBD_static_free
                0x000000000801076c        0x4 ./USB_DEVICE/Target/usbd_conf.o
                0x000000000801076c                USBD_static_free
 .text.calloc   0x0000000008010770       0x10 e:/stm32/stm32cubeide_1.7.0/stm32cubeide/plugins/com.st.stm32cube.ide.mcu.externaltools.gnu-tools-for-stm32.10.3-2021.10.win32_1.0.0.202111181127/tools/bin/../lib/gcc/arm-none-eabi/10.3.1/../../../../arm-none-eabi/lib/thumb/v7e-m+dp/hard\libc_nano.a(lib_a-calloc.o)
                0x0000000008010770                calloc
 .text.__errno  0x0000000008010780        0xc e:/stm32/stm32cubeide_1.7.0/stm32cubeide/plugins/com.st.stm32cube.ide.mcu.externaltools.gnu-tools-for-stm32.10.3-2021.10.win32_1.0.0.202111181127/tools/bin/../lib/gcc/arm-none-eabi/10.3.1/../../../../arm-none-eabi/lib/thumb/v7e-m+dp/hard\libc_nano.a(lib_a-errno.o)
                0x0000000008010780                __errno
 .text.__libc_init_array
                0x000000000801078c       0x48 e:/stm32/stm32cubeide_1.7.0/stm32cubeide/plugins/com.st.stm32cube.ide.mcu.externaltools.gnu-tools-for-stm32.10.3-2021.10.win32_1.0.0.202111181127/tools/bin/../lib/gcc/arm-none-eabi/10.3.1/../../../../arm-none-eabi/lib/thumb/v7e-m+dp/hard\libc_nano.a(lib_a-init.o)
                0x000000000801078c                __libc_init_array
 .text.__retarget_lock_acquire_recursive
                0x00000000080107d4        0x2 e:/stm32/stm32cubeide_1.7.0/stm32cubeide/plugins/com.st.stm32cube.ide.mcu.externaltools.gnu-tools-for-stm32.10.3-2021.10.win32_1.0.0.202111181127/tools/bin/../lib/gcc/arm-none-eabi/10.3.1/../../../../arm-none-eabi/lib/thumb/v7e-m+dp/hard\libc_nano.a(lib_a-lock.o)
                0x00000000080107d4                __retarget_lock_acquire_recursive
 .text.__retarget_lock_release_recursive
                0x00000000080107d6        0x2 e:/stm32/stm32cubeide_1.7.0/stm32cubeide/plugins/com.st.stm32cube.ide.mcu.externaltools.gnu-tools-for-stm32.10.3-2021.10.win32_1.0.0.202111181127/tools/bin/../lib/gcc/arm-none-eabi/10.3.1/../../../../arm-none-eabi/lib/thumb/v7e-m+dp/hard\libc_nano.a(lib_a-lock.o)
                0x00000000080107d6                __retarget_lock_release_recursive